13:09:38 **** Incremental Build of configuration Debug for project odometry_v2 ****
make pre-build main-build 
a9-linaro-pre-build-step
' '
make: Nothing to be done for `main-build'.
13:09:49 **** Incremental Build of configuration Debug for project odometry ****
make pre-build main-build 
a9-linaro-pre-build-step
' '
make: Nothing to be done for `main-build'.
13:09:50 **** Incremental Build of configuration Debug for project odometry_v2 ****
make pre-build main-build 
a9-linaro-pre-build-step
' '
make: Nothing to be done for `main-build'.
13:10:32 **** Incremental Build of configuration Debug for project odometry ****
make pre-build main-build 
a9-linaro-pre-build-step
' '
make: Nothing to be done for `main-build'.
13:10:50 **** Incremental Build of configuration Debug for project odometry_v2 ****
make pre-build main-build 
a9-linaro-pre-build-step
' '
make: Nothing to be done for `main-build'.
13:32:38 **** Auto Build of configuration Debug for project odometry_v2 ****
make pre-build main-build 
a9-linaro-pre-build-step
' '
'Building file: ../src/main.c'
'Invoking: ARM v7 gcc compiler'
arm-none-eabi-gcc -Wall -O0 -g3 -c -fmessage-length=0 -MT"src/main.o" -mcpu=cortex-a9 -mfpu=vfpv3 -mfloat-abi=hard -I../../odometry_v2_bsp/ps7_cortexa9_0/include -MMD -MP -MF"src/main.d" -MT"src/main.o" -o "src/main.o" "../src/main.c"
../src/main.c: In function 'setup':
../src/main.c:118:2: error: too few arguments to function 'XIic_DynInit'
  XIic_DynInit();
  ^~~~~~~~~~~~
In file included from ../src/main.c:14:0:
../../odometry_v2_bsp/ps7_cortexa9_0/include/xiic_l.h:586:5: note: declared here
 int XIic_DynInit(UINTPTR BaseAddress);
     ^~~~~~~~~~~~
../src/main.c:119:2: error: too few arguments to function 'XIic_DynSend'
  XIic_DynSend();
  ^~~~~~~~~~~~
In file included from ../src/main.c:14:0:
../../odometry_v2_bsp/ps7_cortexa9_0/include/xiic_l.h:583:10: note: declared here
 unsigned XIic_DynSend(UINTPTR BaseAddress, u16 Address, u8 *BufferPtr,
          ^~~~~~~~~~~~
../src/main.c:120:2: error: too few arguments to function 'XIic_DynRecv'
  XIic_DynRecv();
  ^~~~~~~~~~~~
In file included from ../src/main.c:14:0:
../../odometry_v2_bsp/ps7_cortexa9_0/include/xiic_l.h:581:10: note: declared here
 unsigned XIic_DynRecv(UINTPTR BaseAddress, u8 Address, u8 *BufferPtr, u8 ByteCount);
          ^~~~~~~~~~~~
../src/main.c: In function 'main':
../src/main.c:144:19: warning: unused variable 'program_status' [-Wunused-variable]
  program_status_t program_status = err_succes;
                   ^~~~~~~~~~~~~~
../src/main.c:143:14: warning: variable 'xout_l' set but not used [-Wunused-but-set-variable]
  volatile u8 xout_l = 0;
              ^~~~~~
make: *** [src/main.o] Error 1
13:33:38 **** Auto Build of configuration Debug for project odometry_v2 ****
make pre-build main-build 
a9-linaro-pre-build-step
' '
'Building file: ../src/main.c'
'Invoking: ARM v7 gcc compiler'
arm-none-eabi-gcc -Wall -O0 -g3 -c -fmessage-length=0 -MT"src/main.o" -mcpu=cortex-a9 -mfpu=vfpv3 -mfloat-abi=hard -I../../odometry_v2_bsp/ps7_cortexa9_0/include -MMD -MP -MF"src/main.d" -MT"src/main.o" -o "src/main.o" "../src/main.c"
../src/main.c: In function 'main':
../src/main.c:144:19: warning: unused variable 'program_status' [-Wunused-variable]
  program_status_t program_status = err_succes;
                   ^~~~~~~~~~~~~~
../src/main.c:143:14: warning: variable 'xout_l' set but not used [-Wunused-but-set-variable]
  volatile u8 xout_l = 0;
              ^~~~~~
'Finished building: ../src/main.c'
' '
'Building target: odometry_v2.elf'
'Invoking: ARM v7 gcc linker'
arm-none-eabi-gcc -mcpu=cortex-a9 -mfpu=vfpv3 -mfloat-abi=hard -Wl,-build-id=none -specs=Xilinx.spec -Wl,-T -Wl,../src/lscript.ld -L../../odometry_v2_bsp/ps7_cortexa9_0/lib -o "odometry_v2.elf"  ./src/i2c.o ./src/main.o   -Wl,--start-group,-lxil,-lgcc,-lc,--end-group
'Finished building target: odometry_v2.elf'
' '
'Invoking: ARM v7 Print Size'
arm-none-eabi-size odometry_v2.elf  |tee "odometry_v2.elf.size"
   text	   data	    bss	    dec	    hex	filename
  23124	   1160	  22712	  46996	   b794	odometry_v2.elf
'Finished building: odometry_v2.elf.size'
' '
13:40:00 **** Auto Build of configuration Debug for project odometry_v2 ****
make pre-build main-build 
a9-linaro-pre-build-step
' '
'Building file: ../src/main.c'
'Invoking: ARM v7 gcc compiler'
arm-none-eabi-gcc -Wall -O0 -g3 -c -fmessage-length=0 -MT"src/main.o" -mcpu=cortex-a9 -mfpu=vfpv3 -mfloat-abi=hard -I../../odometry_v2_bsp/ps7_cortexa9_0/include -MMD -MP -MF"src/main.d" -MT"src/main.o" -o "src/main.o" "../src/main.c"
../src/main.c: In function 'setup':
../src/main.c:45:14: error: 'MPU6050' undeclared (first use in this function)
  XIic_Start(&MPU6050);
              ^~~~~~~
../src/main.c:45:14: note: each undeclared identifier is reported only once for each function it appears in
../src/main.c: In function 'main':
../src/main.c:67:19: warning: unused variable 'program_status' [-Wunused-variable]
  program_status_t program_status = err_succes;
                   ^~~~~~~~~~~~~~
../src/main.c:66:14: warning: variable 'xout_l' set but not used [-Wunused-but-set-variable]
  volatile u8 xout_l = 0;
              ^~~~~~
make: *** [src/main.o] Error 1
13:40:09 **** Auto Build of configuration Debug for project odometry_v2 ****
make pre-build main-build 
a9-linaro-pre-build-step
' '
'Building file: ../src/main.c'
'Invoking: ARM v7 gcc compiler'
arm-none-eabi-gcc -Wall -O0 -g3 -c -fmessage-length=0 -MT"src/main.o" -mcpu=cortex-a9 -mfpu=vfpv3 -mfloat-abi=hard -I../../odometry_v2_bsp/ps7_cortexa9_0/include -MMD -MP -MF"src/main.d" -MT"src/main.o" -o "src/main.o" "../src/main.c"
../src/main.c: In function 'main':
../src/main.c:63:19: warning: unused variable 'program_status' [-Wunused-variable]
  program_status_t program_status = err_succes;
                   ^~~~~~~~~~~~~~
../src/main.c:62:14: warning: variable 'xout_l' set but not used [-Wunused-but-set-variable]
  volatile u8 xout_l = 0;
              ^~~~~~
../src/main.c: In function 'setup':
../src/main.c:45:5: warning: 'progress_status' is used uninitialized in this function [-Wuninitialized]
  if (progress_status)
     ^
'Finished building: ../src/main.c'
' '
'Building target: odometry_v2.elf'
'Invoking: ARM v7 gcc linker'
arm-none-eabi-gcc -mcpu=cortex-a9 -mfpu=vfpv3 -mfloat-abi=hard -Wl,-build-id=none -specs=Xilinx.spec -Wl,-T -Wl,../src/lscript.ld -L../../odometry_v2_bsp/ps7_cortexa9_0/lib -o "odometry_v2.elf"  ./src/i2c.o ./src/main.o   -Wl,--start-group,-lxil,-lgcc,-lc,--end-group
'Finished building target: odometry_v2.elf'
' '
'Invoking: ARM v7 Print Size'
arm-none-eabi-size odometry_v2.elf  |tee "odometry_v2.elf.size"
   text	   data	    bss	    dec	    hex	filename
  20040	   1144	  22584	  43768	   aaf8	odometry_v2.elf
'Finished building: odometry_v2.elf.size'
' '
13:40:22 **** Auto Build of configuration Debug for project odometry_v2 ****
make pre-build main-build 
a9-linaro-pre-build-step
' '
'Building file: ../src/main.c'
'Invoking: ARM v7 gcc compiler'
arm-none-eabi-gcc -Wall -O0 -g3 -c -fmessage-length=0 -MT"src/main.o" -mcpu=cortex-a9 -mfpu=vfpv3 -mfloat-abi=hard -I../../odometry_v2_bsp/ps7_cortexa9_0/include -MMD -MP -MF"src/main.d" -MT"src/main.o" -o "src/main.o" "../src/main.c"
../src/main.c: In function 'main':
../src/main.c:56:19: warning: unused variable 'program_status' [-Wunused-variable]
  program_status_t program_status = err_succes;
                   ^~~~~~~~~~~~~~
../src/main.c:55:14: warning: variable 'xout_l' set but not used [-Wunused-but-set-variable]
  volatile u8 xout_l = 0;
              ^~~~~~
../src/main.c: In function 'setup':
../src/main.c:38:5: warning: 'progress_status' is used uninitialized in this function [-Wuninitialized]
  if (progress_status)
     ^
'Finished building: ../src/main.c'
' '
'Building target: odometry_v2.elf'
'Invoking: ARM v7 gcc linker'
arm-none-eabi-gcc -mcpu=cortex-a9 -mfpu=vfpv3 -mfloat-abi=hard -Wl,-build-id=none -specs=Xilinx.spec -Wl,-T -Wl,../src/lscript.ld -L../../odometry_v2_bsp/ps7_cortexa9_0/lib -o "odometry_v2.elf"  ./src/i2c.o ./src/main.o   -Wl,--start-group,-lxil,-lgcc,-lc,--end-group
'Finished building target: odometry_v2.elf'
' '
'Invoking: ARM v7 Print Size'
arm-none-eabi-size odometry_v2.elf  |tee "odometry_v2.elf.size"
   text	   data	    bss	    dec	    hex	filename
  20040	   1144	  22584	  43768	   aaf8	odometry_v2.elf
'Finished building: odometry_v2.elf.size'
' '
13:40:45 **** Auto Build of configuration Debug for project odometry_v2 ****
make pre-build main-build 
a9-linaro-pre-build-step
' '
'Building file: ../src/main.c'
'Invoking: ARM v7 gcc compiler'
arm-none-eabi-gcc -Wall -O0 -g3 -c -fmessage-length=0 -MT"src/main.o" -mcpu=cortex-a9 -mfpu=vfpv3 -mfloat-abi=hard -I../../odometry_v2_bsp/ps7_cortexa9_0/include -MMD -MP -MF"src/main.d" -MT"src/main.o" -o "src/main.o" "../src/main.c"
../src/main.c: In function 'main':
../src/main.c:56:19: warning: unused variable 'program_status' [-Wunused-variable]
  program_status_t program_status = err_succes;
                   ^~~~~~~~~~~~~~
../src/main.c:55:14: warning: variable 'xout_l' set but not used [-Wunused-but-set-variable]
  volatile u8 xout_l = 0;
              ^~~~~~
../src/main.c: In function 'setup':
../src/main.c:38:5: warning: 'progress_status' is used uninitialized in this function [-Wuninitialized]
  if (progress_status)
     ^
'Finished building: ../src/main.c'
' '
'Building target: odometry_v2.elf'
'Invoking: ARM v7 gcc linker'
arm-none-eabi-gcc -mcpu=cortex-a9 -mfpu=vfpv3 -mfloat-abi=hard -Wl,-build-id=none -specs=Xilinx.spec -Wl,-T -Wl,../src/lscript.ld -L../../odometry_v2_bsp/ps7_cortexa9_0/lib -o "odometry_v2.elf"  ./src/i2c.o ./src/main.o   -Wl,--start-group,-lxil,-lgcc,-lc,--end-group
'Finished building target: odometry_v2.elf'
' '
'Invoking: ARM v7 Print Size'
arm-none-eabi-size odometry_v2.elf  |tee "odometry_v2.elf.size"
   text	   data	    bss	    dec	    hex	filename
  20040	   1144	  22584	  43768	   aaf8	odometry_v2.elf
'Finished building: odometry_v2.elf.size'
' '
13:41:18 **** Auto Build of configuration Debug for project odometry_v2 ****
make pre-build main-build 
a9-linaro-pre-build-step
' '
'Building file: ../src/main.c'
'Invoking: ARM v7 gcc compiler'
arm-none-eabi-gcc -Wall -O0 -g3 -c -fmessage-length=0 -MT"src/main.o" -mcpu=cortex-a9 -mfpu=vfpv3 -mfloat-abi=hard -I../../odometry_v2_bsp/ps7_cortexa9_0/include -MMD -MP -MF"src/main.d" -MT"src/main.o" -o "src/main.o" "../src/main.c"
../src/main.c: In function 'main':
../src/main.c:56:19: warning: unused variable 'program_status' [-Wunused-variable]
  program_status_t program_status = err_succes;
                   ^~~~~~~~~~~~~~
../src/main.c:55:14: warning: variable 'xout_l' set but not used [-Wunused-but-set-variable]
  volatile u8 xout_l = 0;
              ^~~~~~
../src/main.c: In function 'setup':
../src/main.c:38:5: warning: 'progress_status' is used uninitialized in this function [-Wuninitialized]
  if (progress_status)
     ^
'Finished building: ../src/main.c'
' '
'Building target: odometry_v2.elf'
'Invoking: ARM v7 gcc linker'
arm-none-eabi-gcc -mcpu=cortex-a9 -mfpu=vfpv3 -mfloat-abi=hard -Wl,-build-id=none -specs=Xilinx.spec -Wl,-T -Wl,../src/lscript.ld -L../../odometry_v2_bsp/ps7_cortexa9_0/lib -o "odometry_v2.elf"  ./src/i2c.o ./src/main.o   -Wl,--start-group,-lxil,-lgcc,-lc,--end-group
'Finished building target: odometry_v2.elf'
' '
'Invoking: ARM v7 Print Size'
arm-none-eabi-size odometry_v2.elf  |tee "odometry_v2.elf.size"
   text	   data	    bss	    dec	    hex	filename
  20040	   1144	  22584	  43768	   aaf8	odometry_v2.elf
'Finished building: odometry_v2.elf.size'
' '
13:43:29 **** Auto Build of configuration Debug for project odometry_v2 ****
make pre-build main-build 
a9-linaro-pre-build-step
' '
'Building file: ../src/main.c'
'Invoking: ARM v7 gcc compiler'
arm-none-eabi-gcc -Wall -O0 -g3 -c -fmessage-length=0 -MT"src/main.o" -mcpu=cortex-a9 -mfpu=vfpv3 -mfloat-abi=hard -I../../odometry_v2_bsp/ps7_cortexa9_0/include -MMD -MP -MF"src/main.d" -MT"src/main.o" -o "src/main.o" "../src/main.c"
../src/main.c: In function 'setup':
../src/main.c:34:2: error: too few arguments to function 'XIic_DynInit'
  XIic_DynInit();
  ^~~~~~~~~~~~
In file included from ../src/main.c:14:0:
../../odometry_v2_bsp/ps7_cortexa9_0/include/xiic_l.h:586:5: note: declared here
 int XIic_DynInit(UINTPTR BaseAddress);
     ^~~~~~~~~~~~
../src/main.c: In function 'main':
../src/main.c:57:19: warning: unused variable 'program_status' [-Wunused-variable]
  program_status_t program_status = err_succes;
                   ^~~~~~~~~~~~~~
../src/main.c:56:14: warning: variable 'xout_l' set but not used [-Wunused-but-set-variable]
  volatile u8 xout_l = 0;
              ^~~~~~
make: *** [src/main.o] Error 1
13:43:35 **** Auto Build of configuration Debug for project odometry_v2 ****
make pre-build main-build 
a9-linaro-pre-build-step
' '
'Building file: ../src/main.c'
'Invoking: ARM v7 gcc compiler'
arm-none-eabi-gcc -Wall -O0 -g3 -c -fmessage-length=0 -MT"src/main.o" -mcpu=cortex-a9 -mfpu=vfpv3 -mfloat-abi=hard -I../../odometry_v2_bsp/ps7_cortexa9_0/include -MMD -MP -MF"src/main.d" -MT"src/main.o" -o "src/main.o" "../src/main.c"
../src/main.c: In function 'main':
../src/main.c:57:19: warning: unused variable 'program_status' [-Wunused-variable]
  program_status_t program_status = err_succes;
                   ^~~~~~~~~~~~~~
../src/main.c:56:14: warning: variable 'xout_l' set but not used [-Wunused-but-set-variable]
  volatile u8 xout_l = 0;
              ^~~~~~
../src/main.c: In function 'setup':
../src/main.c:39:5: warning: 'progress_status' is used uninitialized in this function [-Wuninitialized]
  if (progress_status)
     ^
'Finished building: ../src/main.c'
' '
'Building target: odometry_v2.elf'
'Invoking: ARM v7 gcc linker'
arm-none-eabi-gcc -mcpu=cortex-a9 -mfpu=vfpv3 -mfloat-abi=hard -Wl,-build-id=none -specs=Xilinx.spec -Wl,-T -Wl,../src/lscript.ld -L../../odometry_v2_bsp/ps7_cortexa9_0/lib -o "odometry_v2.elf"  ./src/i2c.o ./src/main.o   -Wl,--start-group,-lxil,-lgcc,-lc,--end-group
'Finished building target: odometry_v2.elf'
' '
'Invoking: ARM v7 Print Size'
arm-none-eabi-size odometry_v2.elf  |tee "odometry_v2.elf.size"
   text	   data	    bss	    dec	    hex	filename
  21848	   1144	  22584	  45576	   b208	odometry_v2.elf
'Finished building: odometry_v2.elf.size'
' '
13:44:18 **** Auto Build of configuration Debug for project odometry_v2 ****
make pre-build main-build 
a9-linaro-pre-build-step
' '
'Building file: ../src/main.c'
'Invoking: ARM v7 gcc compiler'
arm-none-eabi-gcc -Wall -O0 -g3 -c -fmessage-length=0 -MT"src/main.o" -mcpu=cortex-a9 -mfpu=vfpv3 -mfloat-abi=hard -I../../odometry_v2_bsp/ps7_cortexa9_0/include -MMD -MP -MF"src/main.d" -MT"src/main.o" -o "src/main.o" "../src/main.c"
../src/main.c: In function 'main':
../src/main.c:57:19: warning: unused variable 'program_status' [-Wunused-variable]
  program_status_t program_status = err_succes;
                   ^~~~~~~~~~~~~~
../src/main.c:56:14: warning: variable 'xout_l' set but not used [-Wunused-but-set-variable]
  volatile u8 xout_l = 0;
              ^~~~~~
'Finished building: ../src/main.c'
' '
'Building target: odometry_v2.elf'
'Invoking: ARM v7 gcc linker'
arm-none-eabi-gcc -mcpu=cortex-a9 -mfpu=vfpv3 -mfloat-abi=hard -Wl,-build-id=none -specs=Xilinx.spec -Wl,-T -Wl,../src/lscript.ld -L../../odometry_v2_bsp/ps7_cortexa9_0/lib -o "odometry_v2.elf"  ./src/i2c.o ./src/main.o   -Wl,--start-group,-lxil,-lgcc,-lc,--end-group
'Finished building target: odometry_v2.elf'
' '
'Invoking: ARM v7 Print Size'
arm-none-eabi-size odometry_v2.elf  |tee "odometry_v2.elf.size"
   text	   data	    bss	    dec	    hex	filename
  21852	   1144	  22584	  45580	   b20c	odometry_v2.elf
'Finished building: odometry_v2.elf.size'
' '
13:46:04 **** Auto Build of configuration Debug for project odometry_v2 ****
make pre-build main-build 
a9-linaro-pre-build-step
' '
'Building file: ../src/main.c'
'Invoking: ARM v7 gcc compiler'
arm-none-eabi-gcc -Wall -O0 -g3 -c -fmessage-length=0 -MT"src/main.o" -mcpu=cortex-a9 -mfpu=vfpv3 -mfloat-abi=hard -I../../odometry_v2_bsp/ps7_cortexa9_0/include -MMD -MP -MF"src/main.d" -MT"src/main.o" -o "src/main.o" "../src/main.c"
../src/main.c: In function 'main':
../src/main.c:61:19: warning: unused variable 'program_status' [-Wunused-variable]
  program_status_t program_status = err_succes;
                   ^~~~~~~~~~~~~~
../src/main.c:60:14: warning: variable 'xout_l' set but not used [-Wunused-but-set-variable]
  volatile u8 xout_l = 0;
              ^~~~~~
'Finished building: ../src/main.c'
' '
'Building target: odometry_v2.elf'
'Invoking: ARM v7 gcc linker'
arm-none-eabi-gcc -mcpu=cortex-a9 -mfpu=vfpv3 -mfloat-abi=hard -Wl,-build-id=none -specs=Xilinx.spec -Wl,-T -Wl,../src/lscript.ld -L../../odometry_v2_bsp/ps7_cortexa9_0/lib -o "odometry_v2.elf"  ./src/i2c.o ./src/main.o   -Wl,--start-group,-lxil,-lgcc,-lc,--end-group
'Finished building target: odometry_v2.elf'
' '
'Invoking: ARM v7 Print Size'
arm-none-eabi-size odometry_v2.elf  |tee "odometry_v2.elf.size"
   text	   data	    bss	    dec	    hex	filename
  21880	   1144	  22584	  45608	   b228	odometry_v2.elf
'Finished building: odometry_v2.elf.size'
' '
13:46:38 **** Auto Build of configuration Debug for project odometry_v2 ****
make pre-build main-build 
a9-linaro-pre-build-step
' '
'Building file: ../src/main.c'
'Invoking: ARM v7 gcc compiler'
arm-none-eabi-gcc -Wall -O0 -g3 -c -fmessage-length=0 -MT"src/main.o" -mcpu=cortex-a9 -mfpu=vfpv3 -mfloat-abi=hard -I../../odometry_v2_bsp/ps7_cortexa9_0/include -MMD -MP -MF"src/main.d" -MT"src/main.o" -o "src/main.o" "../src/main.c"
../src/main.c: In function 'setup':
../src/main.c:37:11: error: 'StatusReg' undeclared (first use in this function); did you mean 'status'?
  while (((StatusReg = XIic_ReadReg(IIC_BASE_ADDRESS,
           ^~~~~~~~~
           status
../src/main.c:37:11: note: each undeclared identifier is reported only once for each function it appears in
In file included from ../src/main.c:14:0:
../src/main.c:37:36: error: 'IIC_BASE_ADDRESS' undeclared (first use in this function); did you mean 'IIC_BASE_ADDR'?
  while (((StatusReg = XIic_ReadReg(IIC_BASE_ADDRESS,
                                    ^
../../odometry_v2_bsp/ps7_cortexa9_0/include/xiic_l.h:280:13: note: in definition of macro 'XIic_ReadReg'
  XIic_In32((BaseAddress) + (RegOffset))
             ^~~~~~~~~~~
../src/main.c: In function 'main':
../src/main.c:68:19: warning: unused variable 'program_status' [-Wunused-variable]
  program_status_t program_status = err_succes;
                   ^~~~~~~~~~~~~~
../src/main.c:67:14: warning: variable 'xout_l' set but not used [-Wunused-but-set-variable]
  volatile u8 xout_l = 0;
              ^~~~~~
make: *** [src/main.o] Error 1
13:46:52 **** Auto Build of configuration Debug for project odometry_v2 ****
make pre-build main-build 
a9-linaro-pre-build-step
' '
'Building file: ../src/main.c'
'Invoking: ARM v7 gcc compiler'
arm-none-eabi-gcc -Wall -O0 -g3 -c -fmessage-length=0 -MT"src/main.o" -mcpu=cortex-a9 -mfpu=vfpv3 -mfloat-abi=hard -I../../odometry_v2_bsp/ps7_cortexa9_0/include -MMD -MP -MF"src/main.d" -MT"src/main.o" -o "src/main.o" "../src/main.c"
../src/main.c: In function 'setup':
../src/main.c:37:11: error: 'StatusReg' undeclared (first use in this function); did you mean 'status'?
  while (((StatusReg = XIic_ReadReg(IIC_BASE_ADDR,
           ^~~~~~~~~
           status
../src/main.c:37:11: note: each undeclared identifier is reported only once for each function it appears in
../src/main.c: In function 'main':
../src/main.c:68:19: warning: unused variable 'program_status' [-Wunused-variable]
  program_status_t program_status = err_succes;
                   ^~~~~~~~~~~~~~
../src/main.c:67:14: warning: variable 'xout_l' set but not used [-Wunused-but-set-variable]
  volatile u8 xout_l = 0;
              ^~~~~~
make: *** [src/main.o] Error 1
13:47:12 **** Auto Build of configuration Debug for project odometry_v2 ****
make pre-build main-build 
a9-linaro-pre-build-step
' '
'Building file: ../src/main.c'
'Invoking: ARM v7 gcc compiler'
arm-none-eabi-gcc -Wall -O0 -g3 -c -fmessage-length=0 -MT"src/main.o" -mcpu=cortex-a9 -mfpu=vfpv3 -mfloat-abi=hard -I../../odometry_v2_bsp/ps7_cortexa9_0/include -MMD -MP -MF"src/main.d" -MT"src/main.o" -o "src/main.o" "../src/main.c"
../src/main.c: In function 'main':
../src/main.c:69:19: warning: unused variable 'program_status' [-Wunused-variable]
  program_status_t program_status = err_succes;
                   ^~~~~~~~~~~~~~
../src/main.c:68:14: warning: variable 'xout_l' set but not used [-Wunused-but-set-variable]
  volatile u8 xout_l = 0;
              ^~~~~~
'Finished building: ../src/main.c'
' '
'Building target: odometry_v2.elf'
'Invoking: ARM v7 gcc linker'
arm-none-eabi-gcc -mcpu=cortex-a9 -mfpu=vfpv3 -mfloat-abi=hard -Wl,-build-id=none -specs=Xilinx.spec -Wl,-T -Wl,../src/lscript.ld -L../../odometry_v2_bsp/ps7_cortexa9_0/lib -o "odometry_v2.elf"  ./src/i2c.o ./src/main.o   -Wl,--start-group,-lxil,-lgcc,-lc,--end-group
'Finished building target: odometry_v2.elf'
' '
'Invoking: ARM v7 Print Size'
arm-none-eabi-size odometry_v2.elf  |tee "odometry_v2.elf.size"
   text	   data	    bss	    dec	    hex	filename
  21952	   1144	  22584	  45680	   b270	odometry_v2.elf
'Finished building: odometry_v2.elf.size'
' '
13:49:21 **** Auto Build of configuration Debug for project odometry_v2 ****
make pre-build main-build 
a9-linaro-pre-build-step
' '
'Building file: ../src/main.c'
'Invoking: ARM v7 gcc compiler'
arm-none-eabi-gcc -Wall -O0 -g3 -c -fmessage-length=0 -MT"src/main.o" -mcpu=cortex-a9 -mfpu=vfpv3 -mfloat-abi=hard -I../../odometry_v2_bsp/ps7_cortexa9_0/include -MMD -MP -MF"src/main.d" -MT"src/main.o" -o "src/main.o" "../src/main.c"
../src/main.c: In function 'main':
../src/main.c:68:19: warning: unused variable 'program_status' [-Wunused-variable]
  program_status_t program_status = err_succes;
                   ^~~~~~~~~~~~~~
../src/main.c:67:14: warning: variable 'xout_l' set but not used [-Wunused-but-set-variable]
  volatile u8 xout_l = 0;
              ^~~~~~
'Finished building: ../src/main.c'
' '
'Building target: odometry_v2.elf'
'Invoking: ARM v7 gcc linker'
arm-none-eabi-gcc -mcpu=cortex-a9 -mfpu=vfpv3 -mfloat-abi=hard -Wl,-build-id=none -specs=Xilinx.spec -Wl,-T -Wl,../src/lscript.ld -L../../odometry_v2_bsp/ps7_cortexa9_0/lib -o "odometry_v2.elf"  ./src/i2c.o ./src/main.o   -Wl,--start-group,-lxil,-lgcc,-lc,--end-group
'Finished building target: odometry_v2.elf'
' '
'Invoking: ARM v7 Print Size'
arm-none-eabi-size odometry_v2.elf  |tee "odometry_v2.elf.size"
   text	   data	    bss	    dec	    hex	filename
  21952	   1144	  22584	  45680	   b270	odometry_v2.elf
'Finished building: odometry_v2.elf.size'
' '
13:49:39 **** Auto Build of configuration Debug for project odometry_v2 ****
make pre-build main-build 
a9-linaro-pre-build-step
' '
'Building file: ../src/main.c'
'Invoking: ARM v7 gcc compiler'
arm-none-eabi-gcc -Wall -O0 -g3 -c -fmessage-length=0 -MT"src/main.o" -mcpu=cortex-a9 -mfpu=vfpv3 -mfloat-abi=hard -I../../odometry_v2_bsp/ps7_cortexa9_0/include -MMD -MP -MF"src/main.d" -MT"src/main.o" -o "src/main.o" "../src/main.c"
../src/main.c: In function 'main':
../src/main.c:64:19: warning: unused variable 'program_status' [-Wunused-variable]
  program_status_t program_status = err_succes;
                   ^~~~~~~~~~~~~~
../src/main.c:63:14: warning: variable 'xout_l' set but not used [-Wunused-but-set-variable]
  volatile u8 xout_l = 0;
              ^~~~~~
'Finished building: ../src/main.c'
' '
'Building target: odometry_v2.elf'
'Invoking: ARM v7 gcc linker'
arm-none-eabi-gcc -mcpu=cortex-a9 -mfpu=vfpv3 -mfloat-abi=hard -Wl,-build-id=none -specs=Xilinx.spec -Wl,-T -Wl,../src/lscript.ld -L../../odometry_v2_bsp/ps7_cortexa9_0/lib -o "odometry_v2.elf"  ./src/i2c.o ./src/main.o   -Wl,--start-group,-lxil,-lgcc,-lc,--end-group
'Finished building target: odometry_v2.elf'
' '
'Invoking: ARM v7 Print Size'
arm-none-eabi-size odometry_v2.elf  |tee "odometry_v2.elf.size"
   text	   data	    bss	    dec	    hex	filename
  21932	   1144	  22584	  45660	   b25c	odometry_v2.elf
'Finished building: odometry_v2.elf.size'
' '
13:50:03 **** Auto Build of configuration Debug for project odometry_v2 ****
make pre-build main-build 
a9-linaro-pre-build-step
' '
'Building file: ../src/main.c'
'Invoking: ARM v7 gcc compiler'
arm-none-eabi-gcc -Wall -O0 -g3 -c -fmessage-length=0 -MT"src/main.o" -mcpu=cortex-a9 -mfpu=vfpv3 -mfloat-abi=hard -I../../odometry_v2_bsp/ps7_cortexa9_0/include -MMD -MP -MF"src/main.d" -MT"src/main.o" -o "src/main.o" "../src/main.c"
../src/main.c: In function 'main':
../src/main.c:65:19: warning: unused variable 'program_status' [-Wunused-variable]
  program_status_t program_status = err_succes;
                   ^~~~~~~~~~~~~~
../src/main.c:64:14: warning: variable 'xout_l' set but not used [-Wunused-but-set-variable]
  volatile u8 xout_l = 0;
              ^~~~~~
'Finished building: ../src/main.c'
' '
'Building target: odometry_v2.elf'
'Invoking: ARM v7 gcc linker'
arm-none-eabi-gcc -mcpu=cortex-a9 -mfpu=vfpv3 -mfloat-abi=hard -Wl,-build-id=none -specs=Xilinx.spec -Wl,-T -Wl,../src/lscript.ld -L../../odometry_v2_bsp/ps7_cortexa9_0/lib -o "odometry_v2.elf"  ./src/i2c.o ./src/main.o   -Wl,--start-group,-lxil,-lgcc,-lc,--end-group
'Finished building target: odometry_v2.elf'
' '
'Invoking: ARM v7 Print Size'
arm-none-eabi-size odometry_v2.elf  |tee "odometry_v2.elf.size"
   text	   data	    bss	    dec	    hex	filename
  21932	   1144	  22584	  45660	   b25c	odometry_v2.elf
'Finished building: odometry_v2.elf.size'
' '
13:52:01 **** Auto Build of configuration Debug for project odometry_v2 ****
make pre-build main-build 
a9-linaro-pre-build-step
' '
'Building file: ../src/main.c'
'Invoking: ARM v7 gcc compiler'
arm-none-eabi-gcc -Wall -O0 -g3 -c -fmessage-length=0 -MT"src/main.o" -mcpu=cortex-a9 -mfpu=vfpv3 -mfloat-abi=hard -I../../odometry_v2_bsp/ps7_cortexa9_0/include -MMD -MP -MF"src/main.d" -MT"src/main.o" -o "src/main.o" "../src/main.c"
../src/main.c: In function 'main':
../src/main.c:65:19: warning: unused variable 'program_status' [-Wunused-variable]
  program_status_t program_status = err_succes;
                   ^~~~~~~~~~~~~~
../src/main.c:64:14: warning: variable 'xout_l' set but not used [-Wunused-but-set-variable]
  volatile u8 xout_l = 0;
              ^~~~~~
'Finished building: ../src/main.c'
' '
'Building target: odometry_v2.elf'
'Invoking: ARM v7 gcc linker'
arm-none-eabi-gcc -mcpu=cortex-a9 -mfpu=vfpv3 -mfloat-abi=hard -Wl,-build-id=none -specs=Xilinx.spec -Wl,-T -Wl,../src/lscript.ld -L../../odometry_v2_bsp/ps7_cortexa9_0/lib -o "odometry_v2.elf"  ./src/i2c.o ./src/main.o   -Wl,--start-group,-lxil,-lgcc,-lc,--end-group
'Finished building target: odometry_v2.elf'
' '
'Invoking: ARM v7 Print Size'
arm-none-eabi-size odometry_v2.elf  |tee "odometry_v2.elf.size"
   text	   data	    bss	    dec	    hex	filename
  21932	   1144	  22584	  45660	   b25c	odometry_v2.elf
'Finished building: odometry_v2.elf.size'
' '
13:52:29 **** Incremental Build of configuration Debug for project odometry ****
make pre-build main-build 
a9-linaro-pre-build-step
' '
make: Nothing to be done for `main-build'.
13:52:29 **** Incremental Build of configuration Debug for project odometry_v2 ****
make pre-build main-build 
a9-linaro-pre-build-step
' '
make: Nothing to be done for `main-build'.
13:52:47 **** Auto Build of configuration Debug for project odometry_v2 ****
make pre-build main-build 
a9-linaro-pre-build-step
' '
'Building file: ../src/main.c'
'Invoking: ARM v7 gcc compiler'
arm-none-eabi-gcc -Wall -O0 -g3 -c -fmessage-length=0 -MT"src/main.o" -mcpu=cortex-a9 -mfpu=vfpv3 -mfloat-abi=hard -I../../odometry_v2_bsp/ps7_cortexa9_0/include -MMD -MP -MF"src/main.d" -MT"src/main.o" -o "src/main.o" "../src/main.c"
../src/main.c: In function 'main':
../src/main.c:66:17: warning: unused variable 'setup_status' [-Wunused-variable]
  setup_status_t setup_status = setup();
                 ^~~~~~~~~~~~
../src/main.c:65:19: warning: unused variable 'program_status' [-Wunused-variable]
  program_status_t program_status = err_succes;
                   ^~~~~~~~~~~~~~
../src/main.c:64:14: warning: unused variable 'xout_l' [-Wunused-variable]
  volatile u8 xout_l = 0;
              ^~~~~~
../src/main.c:63:5: warning: unused variable 'running' [-Wunused-variable]
  u8 running = 1;
     ^~~~~~~
In file included from ../src/main.c:12:0:
At top level:
../src/hdr/i2c.h:36:11: warning: 'waiting_for_rx' defined but not used [-Wunused-variable]
 static u8 waiting_for_rx;
           ^~~~~~~~~~~~~~
'Finished building: ../src/main.c'
' '
'Building target: odometry_v2.elf'
'Invoking: ARM v7 gcc linker'
arm-none-eabi-gcc -mcpu=cortex-a9 -mfpu=vfpv3 -mfloat-abi=hard -Wl,-build-id=none -specs=Xilinx.spec -Wl,-T -Wl,../src/lscript.ld -L../../odometry_v2_bsp/ps7_cortexa9_0/lib -o "odometry_v2.elf"  ./src/i2c.o ./src/main.o   -Wl,--start-group,-lxil,-lgcc,-lc,--end-group
'Finished building target: odometry_v2.elf'
' '
'Invoking: ARM v7 Print Size'
arm-none-eabi-size odometry_v2.elf  |tee "odometry_v2.elf.size"
   text	   data	    bss	    dec	    hex	filename
  21732	   1144	  22584	  45460	   b194	odometry_v2.elf
'Finished building: odometry_v2.elf.size'
' '
13:52:54 **** Incremental Build of configuration Debug for project odometry_v2 ****
make pre-build main-build 
a9-linaro-pre-build-step
' '
make: Nothing to be done for `main-build'.
13:55:04 **** Incremental Build of configuration Debug for project odometry_v2 ****
make pre-build main-build 
a9-linaro-pre-build-step
' '
make: Nothing to be done for `main-build'.
14:00:26 **** Auto Build of configuration Debug for project odometry_v2 ****
make pre-build main-build 
a9-linaro-pre-build-step
' '
'Building file: ../src/main.c'
'Invoking: ARM v7 gcc compiler'
arm-none-eabi-gcc -Wall -O0 -g3 -c -fmessage-length=0 -MT"src/main.o" -mcpu=cortex-a9 -mfpu=vfpv3 -mfloat-abi=hard -I../../odometry_v2_bsp/ps7_cortexa9_0/include -MMD -MP -MF"src/main.d" -MT"src/main.o" -o "src/main.o" "../src/main.c"
../src/main.c: In function 'main':
../src/main.c:72:3: error: too few arguments to function 'XIic_DynRecv'
   XIic_DynRecv();
   ^~~~~~~~~~~~
In file included from ../src/main.c:14:0:
../../odometry_v2_bsp/ps7_cortexa9_0/include/xiic_l.h:581:10: note: declared here
 unsigned XIic_DynRecv(UINTPTR BaseAddress, u8 Address, u8 *BufferPtr, u8 ByteCount);
          ^~~~~~~~~~~~
../src/main.c:65:19: warning: unused variable 'program_status' [-Wunused-variable]
  program_status_t program_status = err_succes;
                   ^~~~~~~~~~~~~~
../src/main.c:64:14: warning: unused variable 'xout_l' [-Wunused-variable]
  volatile u8 xout_l = 0;
              ^~~~~~
In file included from ../src/main.c:12:0:
At top level:
../src/hdr/i2c.h:36:11: warning: 'waiting_for_rx' defined but not used [-Wunused-variable]
 static u8 waiting_for_rx;
           ^~~~~~~~~~~~~~
make: *** [src/main.o] Error 1
14:05:01 **** Auto Build of configuration Debug for project odometry_v2 ****
make pre-build main-build 
a9-linaro-pre-build-step
' '
'Building file: ../src/main.c'
'Invoking: ARM v7 gcc compiler'
arm-none-eabi-gcc -Wall -O0 -g3 -c -fmessage-length=0 -MT"src/main.o" -mcpu=cortex-a9 -mfpu=vfpv3 -mfloat-abi=hard -I../../odometry_v2_bsp/ps7_cortexa9_0/include -MMD -MP -MF"src/main.d" -MT"src/main.o" -o "src/main.o" "../src/main.c"
../src/main.c: In function 'main':
../src/main.c:65:19: warning: unused variable 'program_status' [-Wunused-variable]
  program_status_t program_status = err_succes;
                   ^~~~~~~~~~~~~~
In file included from ../src/main.c:12:0:
At top level:
../src/hdr/i2c.h:36:11: warning: 'waiting_for_rx' defined but not used [-Wunused-variable]
 static u8 waiting_for_rx;
           ^~~~~~~~~~~~~~
'Finished building: ../src/main.c'
' '
'Building target: odometry_v2.elf'
'Invoking: ARM v7 gcc linker'
arm-none-eabi-gcc -mcpu=cortex-a9 -mfpu=vfpv3 -mfloat-abi=hard -Wl,-build-id=none -specs=Xilinx.spec -Wl,-T -Wl,../src/lscript.ld -L../../odometry_v2_bsp/ps7_cortexa9_0/lib -o "odometry_v2.elf"  ./src/i2c.o ./src/main.o   -Wl,--start-group,-lxil,-lgcc,-lc,--end-group
'Finished building target: odometry_v2.elf'
' '
'Invoking: ARM v7 Print Size'
arm-none-eabi-size odometry_v2.elf  |tee "odometry_v2.elf.size"
   text	   data	    bss	    dec	    hex	filename
  21792	   1144	  22584	  45520	   b1d0	odometry_v2.elf
'Finished building: odometry_v2.elf.size'
' '
14:18:40 **** Auto Build of configuration Debug for project odometry_v2 ****
make pre-build main-build 
a9-linaro-pre-build-step
' '
'Building file: ../src/main.c'
'Invoking: ARM v7 gcc compiler'
arm-none-eabi-gcc -Wall -O0 -g3 -c -fmessage-length=0 -MT"src/main.o" -mcpu=cortex-a9 -mfpu=vfpv3 -mfloat-abi=hard -I../../odometry_v2_bsp/ps7_cortexa9_0/include -MMD -MP -MF"src/main.d" -MT"src/main.o" -o "src/main.o" "../src/main.c"
../src/main.c: In function 'setup':
../src/main.c:33:6: warning: unused variable 'StatusReg' [-Wunused-variable]
  u32 StatusReg;
      ^~~~~~~~~
../src/main.c:32:6: warning: unused variable 'progress_status' [-Wunused-variable]
  int progress_status = XST_SUCCESS;
      ^~~~~~~~~~~~~~~
../src/main.c: In function 'main':
../src/main.c:65:19: warning: unused variable 'program_status' [-Wunused-variable]
  program_status_t program_status = err_succes;
                   ^~~~~~~~~~~~~~
In file included from ../src/main.c:12:0:
At top level:
../src/hdr/i2c.h:36:11: warning: 'waiting_for_rx' defined but not used [-Wunused-variable]
 static u8 waiting_for_rx;
           ^~~~~~~~~~~~~~
'Finished building: ../src/main.c'
' '
'Building target: odometry_v2.elf'
'Invoking: ARM v7 gcc linker'
arm-none-eabi-gcc -mcpu=cortex-a9 -mfpu=vfpv3 -mfloat-abi=hard -Wl,-build-id=none -specs=Xilinx.spec -Wl,-T -Wl,../src/lscript.ld -L../../odometry_v2_bsp/ps7_cortexa9_0/lib -o "odometry_v2.elf"  ./src/i2c.o ./src/main.o   -Wl,--start-group,-lxil,-lgcc,-lc,--end-group
'Finished building target: odometry_v2.elf'
' '
'Invoking: ARM v7 Print Size'
arm-none-eabi-size odometry_v2.elf  |tee "odometry_v2.elf.size"
   text	   data	    bss	    dec	    hex	filename
  21696	   1144	  22584	  45424	   b170	odometry_v2.elf
'Finished building: odometry_v2.elf.size'
' '
14:19:56 **** Auto Build of configuration Debug for project odometry_v2 ****
make pre-build main-build 
a9-linaro-pre-build-step
' '
'Building file: ../src/main.c'
'Invoking: ARM v7 gcc compiler'
arm-none-eabi-gcc -Wall -O0 -g3 -c -fmessage-length=0 -MT"src/main.o" -mcpu=cortex-a9 -mfpu=vfpv3 -mfloat-abi=hard -I../../odometry_v2_bsp/ps7_cortexa9_0/include -MMD -MP -MF"src/main.d" -MT"src/main.o" -o "src/main.o" "../src/main.c"
../src/main.c: In function 'setup':
../src/main.c:33:6: warning: unused variable 'StatusReg' [-Wunused-variable]
  u32 StatusReg;
      ^~~~~~~~~
../src/main.c:32:6: warning: unused variable 'progress_status' [-Wunused-variable]
  int progress_status = XST_SUCCESS;
      ^~~~~~~~~~~~~~~
../src/main.c: In function 'main':
../src/main.c:65:19: warning: unused variable 'program_status' [-Wunused-variable]
  program_status_t program_status = err_succes;
                   ^~~~~~~~~~~~~~
In file included from ../src/main.c:12:0:
At top level:
../src/hdr/i2c.h:36:11: warning: 'waiting_for_rx' defined but not used [-Wunused-variable]
 static u8 waiting_for_rx;
           ^~~~~~~~~~~~~~
'Finished building: ../src/main.c'
' '
'Building target: odometry_v2.elf'
'Invoking: ARM v7 gcc linker'
arm-none-eabi-gcc -mcpu=cortex-a9 -mfpu=vfpv3 -mfloat-abi=hard -Wl,-build-id=none -specs=Xilinx.spec -Wl,-T -Wl,../src/lscript.ld -L../../odometry_v2_bsp/ps7_cortexa9_0/lib -o "odometry_v2.elf"  ./src/i2c.o ./src/main.o   -Wl,--start-group,-lxil,-lgcc,-lc,--end-group
'Finished building target: odometry_v2.elf'
' '
'Invoking: ARM v7 Print Size'
arm-none-eabi-size odometry_v2.elf  |tee "odometry_v2.elf.size"
   text	   data	    bss	    dec	    hex	filename
  21696	   1144	  22584	  45424	   b170	odometry_v2.elf
'Finished building: odometry_v2.elf.size'
' '
14:20:03 **** Auto Build of configuration Debug for project odometry_v2 ****
make pre-build main-build 
a9-linaro-pre-build-step
' '
'Building file: ../src/main.c'
'Invoking: ARM v7 gcc compiler'
arm-none-eabi-gcc -Wall -O0 -g3 -c -fmessage-length=0 -MT"src/main.o" -mcpu=cortex-a9 -mfpu=vfpv3 -mfloat-abi=hard -I../../odometry_v2_bsp/ps7_cortexa9_0/include -MMD -MP -MF"src/main.d" -MT"src/main.o" -o "src/main.o" "../src/main.c"
../src/main.c: In function 'setup':
../src/main.c:33:6: warning: unused variable 'StatusReg' [-Wunused-variable]
  u32 StatusReg;
      ^~~~~~~~~
../src/main.c:32:6: warning: unused variable 'progress_status' [-Wunused-variable]
  int progress_status = XST_SUCCESS;
      ^~~~~~~~~~~~~~~
../src/main.c: In function 'main':
../src/main.c:65:19: warning: unused variable 'program_status' [-Wunused-variable]
  program_status_t program_status = err_succes;
                   ^~~~~~~~~~~~~~
In file included from ../src/main.c:12:0:
At top level:
../src/hdr/i2c.h:36:11: warning: 'waiting_for_rx' defined but not used [-Wunused-variable]
 static u8 waiting_for_rx;
           ^~~~~~~~~~~~~~
'Finished building: ../src/main.c'
' '
'Building target: odometry_v2.elf'
'Invoking: ARM v7 gcc linker'
arm-none-eabi-gcc -mcpu=cortex-a9 -mfpu=vfpv3 -mfloat-abi=hard -Wl,-build-id=none -specs=Xilinx.spec -Wl,-T -Wl,../src/lscript.ld -L../../odometry_v2_bsp/ps7_cortexa9_0/lib -o "odometry_v2.elf"  ./src/i2c.o ./src/main.o   -Wl,--start-group,-lxil,-lgcc,-lc,--end-group
'Finished building target: odometry_v2.elf'
' '
'Invoking: ARM v7 Print Size'
arm-none-eabi-size odometry_v2.elf  |tee "odometry_v2.elf.size"
   text	   data	    bss	    dec	    hex	filename
  21696	   1144	  22584	  45424	   b170	odometry_v2.elf
'Finished building: odometry_v2.elf.size'
' '
14:25:50 **** Incremental Build of configuration Debug for project odometry_v2 ****
make pre-build main-build 
a9-linaro-pre-build-step
' '
'Building file: ../src/main.c'
'Invoking: ARM v7 gcc compiler'
arm-none-eabi-gcc -Wall -O0 -g3 -c -fmessage-length=0 -MT"src/main.o" -mcpu=cortex-a9 -mfpu=vfpv3 -mfloat-abi=hard -I../../odometry_v2_bsp/ps7_cortexa9_0/include -MMD -MP -MF"src/main.d" -MT"src/main.o" -o "src/main.o" "../src/main.c"
../src/main.c: In function 'setup':
../src/main.c:33:6: warning: unused variable 'StatusReg' [-Wunused-variable]
  u32 StatusReg;
      ^~~~~~~~~
../src/main.c:32:6: warning: unused variable 'progress_status' [-Wunused-variable]
  int progress_status = XST_SUCCESS;
      ^~~~~~~~~~~~~~~
../src/main.c: In function 'main':
../src/main.c:73:6: warning: unused variable 'status' [-Wunused-variable]
   u8 status = XIic_Recv(IIC_BASE_ADDR,MPU6050_I2C_ADDR,&readval,1,XIIC_STOP);
      ^~~~~~
../src/main.c:65:19: warning: unused variable 'program_status' [-Wunused-variable]
  program_status_t program_status = err_succes;
                   ^~~~~~~~~~~~~~
In file included from ../src/main.c:12:0:
At top level:
../src/hdr/i2c.h:36:11: warning: 'waiting_for_rx' defined but not used [-Wunused-variable]
 static u8 waiting_for_rx;
           ^~~~~~~~~~~~~~
'Finished building: ../src/main.c'
' '
'Building target: odometry_v2.elf'
'Invoking: ARM v7 gcc linker'
arm-none-eabi-gcc -mcpu=cortex-a9 -mfpu=vfpv3 -mfloat-abi=hard -Wl,-build-id=none -specs=Xilinx.spec -Wl,-T -Wl,../src/lscript.ld -L../../odometry_v2_bsp/ps7_cortexa9_0/lib -o "odometry_v2.elf"  ./src/i2c.o ./src/main.o   -Wl,--start-group,-lxil,-lgcc,-lc,--end-group
'Finished building target: odometry_v2.elf'
' '
'Invoking: ARM v7 Print Size'
arm-none-eabi-size odometry_v2.elf  |tee "odometry_v2.elf.size"
   text	   data	    bss	    dec	    hex	filename
  21704	   1144	  22584	  45432	   b178	odometry_v2.elf
'Finished building: odometry_v2.elf.size'
' '
14:28:34 **** Incremental Build of configuration Debug for project odometry_v2 ****
make pre-build main-build 
a9-linaro-pre-build-step
' '
make: Nothing to be done for `main-build'.
14:32:26 **** Incremental Build of configuration Debug for project odometry_v2 ****
make pre-build main-build 
a9-linaro-pre-build-step
' '
make: Nothing to be done for `main-build'.
14:32:52 **** Incremental Build of configuration Debug for project odometry_v2 ****
make pre-build main-build 
a9-linaro-pre-build-step
' '
make: Nothing to be done for `main-build'.
14:33:07 **** Incremental Build of configuration Debug for project odometry_v2 ****
make pre-build main-build 
a9-linaro-pre-build-step
' '
make: Nothing to be done for `main-build'.
14:52:48 **** Incremental Build of configuration Debug for project odometry_v2 ****
make pre-build main-build 
a9-linaro-pre-build-step
' '
make: Nothing to be done for `main-build'.
15:13:41 **** Incremental Build of configuration Debug for project odometry_v2 ****
make pre-build main-build 
a9-linaro-pre-build-step
' '
make: Nothing to be done for `main-build'.
15:21:21 **** Auto Build of configuration Debug for project odometry_v2 ****
make pre-build main-build 
a9-linaro-pre-build-step
' '
'Building file: ../src/main.c'
'Invoking: ARM v7 gcc compiler'
arm-none-eabi-gcc -Wall -O0 -g3 -c -fmessage-length=0 -MT"src/main.o" -mcpu=cortex-a9 -mfpu=vfpv3 -mfloat-abi=hard -I../../odometry_v2_bsp/ps7_cortexa9_0/include -MMD -MP -MF"src/main.d" -MT"src/main.o" -o "src/main.o" "../src/main.c"
../src/main.c: In function 'setup':
../src/main.c:33:6: warning: unused variable 'StatusReg' [-Wunused-variable]
  u32 StatusReg;
      ^~~~~~~~~
../src/main.c:32:6: warning: unused variable 'progress_status' [-Wunused-variable]
  int progress_status = XST_SUCCESS;
      ^~~~~~~~~~~~~~~
../src/main.c: In function 'main':
../src/main.c:73:6: warning: unused variable 'status' [-Wunused-variable]
   u8 status = XIic_Recv(IIC_BASE_ADDR,MPU6050_I2C_ADDR,&readval,1,XIIC_STOP);
      ^~~~~~
../src/main.c:65:19: warning: unused variable 'program_status' [-Wunused-variable]
  program_status_t program_status = err_succes;
                   ^~~~~~~~~~~~~~
In file included from ../src/main.c:12:0:
At top level:
../src/hdr/i2c.h:36:11: warning: 'waiting_for_rx' defined but not used [-Wunused-variable]
 static u8 waiting_for_rx;
           ^~~~~~~~~~~~~~
'Finished building: ../src/main.c'
' '
'Building target: odometry_v2.elf'
'Invoking: ARM v7 gcc linker'
arm-none-eabi-gcc -mcpu=cortex-a9 -mfpu=vfpv3 -mfloat-abi=hard -Wl,-build-id=none -specs=Xilinx.spec -Wl,-T -Wl,../src/lscript.ld -L../../odometry_v2_bsp/ps7_cortexa9_0/lib -o "odometry_v2.elf"  ./src/i2c.o ./src/main.o   -Wl,--start-group,-lxil,-lgcc,-lc,--end-group
'Finished building target: odometry_v2.elf'
' '
'Invoking: ARM v7 Print Size'
arm-none-eabi-size odometry_v2.elf  |tee "odometry_v2.elf.size"
   text	   data	    bss	    dec	    hex	filename
  21704	   1144	  22584	  45432	   b178	odometry_v2.elf
'Finished building: odometry_v2.elf.size'
' '
15:21:26 **** Incremental Build of configuration Debug for project odometry_v2 ****
make pre-build main-build 
a9-linaro-pre-build-step
' '
make: Nothing to be done for `main-build'.
15:36:15 **** Auto Build of configuration Debug for project odometry_v2 ****
make pre-build main-build 
a9-linaro-pre-build-step
' '
'Building file: ../src/main.c'
'Invoking: ARM v7 gcc compiler'
arm-none-eabi-gcc -Wall -O0 -g3 -c -fmessage-length=0 -MT"src/main.o" -mcpu=cortex-a9 -mfpu=vfpv3 -mfloat-abi=hard -I../../odometry_v2_bsp/ps7_cortexa9_0/include -MMD -MP -MF"src/main.d" -MT"src/main.o" -o "src/main.o" "../src/main.c"
../src/main.c: In function 'setup':
../src/main.c:33:6: warning: unused variable 'StatusReg' [-Wunused-variable]
  u32 StatusReg;
      ^~~~~~~~~
../src/main.c:32:6: warning: unused variable 'progress_status' [-Wunused-variable]
  int progress_status = XST_SUCCESS;
      ^~~~~~~~~~~~~~~
../src/main.c: In function 'main':
../src/main.c:75:6: warning: unused variable 'status' [-Wunused-variable]
   u8 status = XIic_Recv(IIC_BASE_ADDR,MPU6050_I2C_ADDR,&readval,1,XIIC_STOP);
      ^~~~~~
../src/main.c:65:19: warning: unused variable 'program_status' [-Wunused-variable]
  program_status_t program_status = err_succes;
                   ^~~~~~~~~~~~~~
In file included from ../src/main.c:12:0:
At top level:
../src/hdr/i2c.h:36:11: warning: 'waiting_for_rx' defined but not used [-Wunused-variable]
 static u8 waiting_for_rx;
           ^~~~~~~~~~~~~~
'Finished building: ../src/main.c'
' '
'Building target: odometry_v2.elf'
'Invoking: ARM v7 gcc linker'
arm-none-eabi-gcc -mcpu=cortex-a9 -mfpu=vfpv3 -mfloat-abi=hard -Wl,-build-id=none -specs=Xilinx.spec -Wl,-T -Wl,../src/lscript.ld -L../../odometry_v2_bsp/ps7_cortexa9_0/lib -o "odometry_v2.elf"  ./src/i2c.o ./src/main.o   -Wl,--start-group,-lxil,-lgcc,-lc,--end-group
'Finished building target: odometry_v2.elf'
' '
'Invoking: ARM v7 Print Size'
arm-none-eabi-size odometry_v2.elf  |tee "odometry_v2.elf.size"
   text	   data	    bss	    dec	    hex	filename
  21744	   1144	  22584	  45472	   b1a0	odometry_v2.elf
'Finished building: odometry_v2.elf.size'
' '
15:36:30 **** Incremental Build of configuration Debug for project odometry_v2 ****
make pre-build main-build 
a9-linaro-pre-build-step
' '
make: Nothing to be done for `main-build'.
15:40:09 **** Auto Build of configuration Debug for project odometry_v2 ****
make pre-build main-build 
a9-linaro-pre-build-step
' '
'Building file: ../src/main.c'
'Invoking: ARM v7 gcc compiler'
arm-none-eabi-gcc -Wall -O0 -g3 -c -fmessage-length=0 -MT"src/main.o" -mcpu=cortex-a9 -mfpu=vfpv3 -mfloat-abi=hard -I../../odometry_v2_bsp/ps7_cortexa9_0/include -MMD -MP -MF"src/main.d" -MT"src/main.o" -o "src/main.o" "../src/main.c"
../src/main.c: In function 'setup':
../src/main.c:33:6: warning: unused variable 'StatusReg' [-Wunused-variable]
  u32 StatusReg;
      ^~~~~~~~~
../src/main.c:32:6: warning: unused variable 'progress_status' [-Wunused-variable]
  int progress_status = XST_SUCCESS;
      ^~~~~~~~~~~~~~~
../src/main.c: In function 'main':
../src/main.c:76:3: warning: implicit declaration of function 'xil_sprintf'; did you mean 'xil_printf'? [-Wimplicit-function-declaration]
   xil_sprintf();
   ^~~~~~~~~~~
   xil_printf
../src/main.c:75:6: warning: unused variable 'status' [-Wunused-variable]
   u8 status = XIic_Recv(IIC_BASE_ADDR,MPU6050_I2C_ADDR,&readval,1,XIIC_STOP);
      ^~~~~~
../src/main.c:65:19: warning: unused variable 'program_status' [-Wunused-variable]
  program_status_t program_status = err_succes;
                   ^~~~~~~~~~~~~~
In file included from ../src/main.c:12:0:
At top level:
../src/hdr/i2c.h:36:11: warning: 'waiting_for_rx' defined but not used [-Wunused-variable]
 static u8 waiting_for_rx;
           ^~~~~~~~~~~~~~
'Finished building: ../src/main.c'
' '
'Building target: odometry_v2.elf'
'Invoking: ARM v7 gcc linker'
arm-none-eabi-gcc -mcpu=cortex-a9 -mfpu=vfpv3 -mfloat-abi=hard -Wl,-build-id=none -specs=Xilinx.spec -Wl,-T -Wl,../src/lscript.ld -L../../odometry_v2_bsp/ps7_cortexa9_0/lib -o "odometry_v2.elf"  ./src/i2c.o ./src/main.o   -Wl,--start-group,-lxil,-lgcc,-lc,--end-group
./src/main.o: In function `main':
D:\Documents\Fontys\ES\adv_emb\git\floaty-wiggle-board\Floaty-wiggle-board\Floaty-wiggle-board.sdk\odometry_v2\Debug/../src/main.c:76: undefined reference to `xil_sprintf'
collect2.exe: error: ld returned 1 exit status
make: *** [odometry_v2.elf] Error 1
15:40:15 **** Auto Build of configuration Debug for project odometry_v2 ****
make pre-build main-build 
a9-linaro-pre-build-step
' '
'Building file: ../src/main.c'
'Invoking: ARM v7 gcc compiler'
arm-none-eabi-gcc -Wall -O0 -g3 -c -fmessage-length=0 -MT"src/main.o" -mcpu=cortex-a9 -mfpu=vfpv3 -mfloat-abi=hard -I../../odometry_v2_bsp/ps7_cortexa9_0/include -MMD -MP -MF"src/main.d" -MT"src/main.o" -o "src/main.o" "../src/main.c"
../src/main.c: In function 'setup':
../src/main.c:33:6: warning: unused variable 'StatusReg' [-Wunused-variable]
  u32 StatusReg;
      ^~~~~~~~~
../src/main.c:32:6: warning: unused variable 'progress_status' [-Wunused-variable]
  int progress_status = XST_SUCCESS;
      ^~~~~~~~~~~~~~~
../src/main.c: In function 'main':
../src/main.c:76:3: error: too few arguments to function 'xil_printf'
   xil_printf();
   ^~~~~~~~~~
In file included from ../src/main.c:9:0:
../../odometry_v2_bsp/ps7_cortexa9_0/include/xil_printf.h:39:6: note: declared here
 void xil_printf( const char8 *ctrl1, ...);
      ^~~~~~~~~~
../src/main.c:75:6: warning: unused variable 'status' [-Wunused-variable]
   u8 status = XIic_Recv(IIC_BASE_ADDR,MPU6050_I2C_ADDR,&readval,1,XIIC_STOP);
      ^~~~~~
../src/main.c:65:19: warning: unused variable 'program_status' [-Wunused-variable]
  program_status_t program_status = err_succes;
                   ^~~~~~~~~~~~~~
In file included from ../src/main.c:12:0:
At top level:
../src/hdr/i2c.h:36:11: warning: 'waiting_for_rx' defined but not used [-Wunused-variable]
 static u8 waiting_for_rx;
           ^~~~~~~~~~~~~~
make: *** [src/main.o] Error 1
15:40:29 **** Auto Build of configuration Debug for project odometry_v2 ****
make pre-build main-build 
a9-linaro-pre-build-step
' '
'Building file: ../src/main.c'
'Invoking: ARM v7 gcc compiler'
arm-none-eabi-gcc -Wall -O0 -g3 -c -fmessage-length=0 -MT"src/main.o" -mcpu=cortex-a9 -mfpu=vfpv3 -mfloat-abi=hard -I../../odometry_v2_bsp/ps7_cortexa9_0/include -MMD -MP -MF"src/main.d" -MT"src/main.o" -o "src/main.o" "../src/main.c"
../src/main.c: In function 'setup':
../src/main.c:33:6: warning: unused variable 'StatusReg' [-Wunused-variable]
  u32 StatusReg;
      ^~~~~~~~~
../src/main.c:32:6: warning: unused variable 'progress_status' [-Wunused-variable]
  int progress_status = XST_SUCCESS;
      ^~~~~~~~~~~~~~~
../src/main.c: In function 'main':
../src/main.c:75:6: warning: unused variable 'status' [-Wunused-variable]
   u8 status = XIic_Recv(IIC_BASE_ADDR,MPU6050_I2C_ADDR,&readval,1,XIIC_STOP);
      ^~~~~~
../src/main.c:65:19: warning: unused variable 'program_status' [-Wunused-variable]
  program_status_t program_status = err_succes;
                   ^~~~~~~~~~~~~~
In file included from ../src/main.c:12:0:
At top level:
../src/hdr/i2c.h:36:11: warning: 'waiting_for_rx' defined but not used [-Wunused-variable]
 static u8 waiting_for_rx;
           ^~~~~~~~~~~~~~
'Finished building: ../src/main.c'
' '
'Building target: odometry_v2.elf'
'Invoking: ARM v7 gcc linker'
arm-none-eabi-gcc -mcpu=cortex-a9 -mfpu=vfpv3 -mfloat-abi=hard -Wl,-build-id=none -specs=Xilinx.spec -Wl,-T -Wl,../src/lscript.ld -L../../odometry_v2_bsp/ps7_cortexa9_0/lib -o "odometry_v2.elf"  ./src/i2c.o ./src/main.o   -Wl,--start-group,-lxil,-lgcc,-lc,--end-group
'Finished building target: odometry_v2.elf'
' '
'Invoking: ARM v7 Print Size'
arm-none-eabi-size odometry_v2.elf  |tee "odometry_v2.elf.size"
   text	   data	    bss	    dec	    hex	filename
  24668	   1144	  22584	  48396	   bd0c	odometry_v2.elf
'Finished building: odometry_v2.elf.size'
' '
15:40:34 **** Incremental Build of configuration Debug for project odometry_v2 ****
make pre-build main-build 
a9-linaro-pre-build-step
' '
make: Nothing to be done for `main-build'.
15:42:26 **** Auto Build of configuration Debug for project odometry_v2 ****
make pre-build main-build 
a9-linaro-pre-build-step
' '
'Building file: ../src/main.c'
'Invoking: ARM v7 gcc compiler'
arm-none-eabi-gcc -Wall -O0 -g3 -c -fmessage-length=0 -MT"src/main.o" -mcpu=cortex-a9 -mfpu=vfpv3 -mfloat-abi=hard -I../../odometry_v2_bsp/ps7_cortexa9_0/include -MMD -MP -MF"src/main.d" -MT"src/main.o" -o "src/main.o" "../src/main.c"
../src/main.c: In function 'setup':
../src/main.c:33:6: warning: unused variable 'StatusReg' [-Wunused-variable]
  u32 StatusReg;
      ^~~~~~~~~
../src/main.c:32:6: warning: unused variable 'progress_status' [-Wunused-variable]
  int progress_status = XST_SUCCESS;
      ^~~~~~~~~~~~~~~
../src/main.c: In function 'main':
../src/main.c:75:6: warning: unused variable 'status' [-Wunused-variable]
   u8 status = XIic_Recv(IIC_BASE_ADDR,MPU6050_I2C_ADDR,&readval,1,XIIC_STOP);
      ^~~~~~
../src/main.c:65:19: warning: unused variable 'program_status' [-Wunused-variable]
  program_status_t program_status = err_succes;
                   ^~~~~~~~~~~~~~
In file included from ../src/main.c:12:0:
At top level:
../src/hdr/i2c.h:36:11: warning: 'waiting_for_rx' defined but not used [-Wunused-variable]
 static u8 waiting_for_rx;
           ^~~~~~~~~~~~~~
'Finished building: ../src/main.c'
' '
'Building target: odometry_v2.elf'
'Invoking: ARM v7 gcc linker'
arm-none-eabi-gcc -mcpu=cortex-a9 -mfpu=vfpv3 -mfloat-abi=hard -Wl,-build-id=none -specs=Xilinx.spec -Wl,-T -Wl,../src/lscript.ld -L../../odometry_v2_bsp/ps7_cortexa9_0/lib -o "odometry_v2.elf"  ./src/i2c.o ./src/main.o   -Wl,--start-group,-lxil,-lgcc,-lc,--end-group
'Finished building target: odometry_v2.elf'
' '
'Invoking: ARM v7 Print Size'
arm-none-eabi-size odometry_v2.elf  |tee "odometry_v2.elf.size"
   text	   data	    bss	    dec	    hex	filename
  21744	   1144	  22584	  45472	   b1a0	odometry_v2.elf
'Finished building: odometry_v2.elf.size'
' '
15:42:32 **** Incremental Build of configuration Debug for project odometry_v2 ****
make pre-build main-build 
a9-linaro-pre-build-step
' '
make: Nothing to be done for `main-build'.
15:43:08 **** Auto Build of configuration Debug for project odometry_v2 ****
make pre-build main-build 
a9-linaro-pre-build-step
' '
'Building file: ../src/main.c'
'Invoking: ARM v7 gcc compiler'
arm-none-eabi-gcc -Wall -O0 -g3 -c -fmessage-length=0 -MT"src/main.o" -mcpu=cortex-a9 -mfpu=vfpv3 -mfloat-abi=hard -I../../odometry_v2_bsp/ps7_cortexa9_0/include -MMD -MP -MF"src/main.d" -MT"src/main.o" -o "src/main.o" "../src/main.c"
../src/main.c: In function 'setup':
../src/main.c:33:6: warning: unused variable 'StatusReg' [-Wunused-variable]
  u32 StatusReg;
      ^~~~~~~~~
../src/main.c:32:6: warning: unused variable 'progress_status' [-Wunused-variable]
  int progress_status = XST_SUCCESS;
      ^~~~~~~~~~~~~~~
../src/main.c: In function 'main':
../src/main.c:74:55: error: 'XIIC_REPEATED_XIIC_STOPTART' undeclared (first use in this function); did you mean 'XIIC_REPEATED_START'?
   XIic_Send(IIC_BASE_ADDR, MPU6050_I2C_ADDR, &cmd, 1, XIIC_REPEATED_XIIC_STOPTART);
                                                       ^~~~~~~~~~~~~~~~~~~~~~~~~~~
                                                       XIIC_REPEATED_START
../src/main.c:74:55: note: each undeclared identifier is reported only once for each function it appears in
../src/main.c:75:6: warning: unused variable 'status' [-Wunused-variable]
   u8 status = XIic_Recv(IIC_BASE_ADDR,MPU6050_I2C_ADDR,&readval,1,XIIC_STOP);
      ^~~~~~
../src/main.c:65:19: warning: unused variable 'program_status' [-Wunused-variable]
  program_status_t program_status = err_succes;
                   ^~~~~~~~~~~~~~
In file included from ../src/main.c:12:0:
At top level:
../src/hdr/i2c.h:36:11: warning: 'waiting_for_rx' defined but not used [-Wunused-variable]
 static u8 waiting_for_rx;
           ^~~~~~~~~~~~~~
make: *** [src/main.o] Error 1
15:43:10 **** Auto Build of configuration Debug for project odometry_v2 ****
make pre-build main-build 
a9-linaro-pre-build-step
' '
'Building file: ../src/main.c'
'Invoking: ARM v7 gcc compiler'
arm-none-eabi-gcc -Wall -O0 -g3 -c -fmessage-length=0 -MT"src/main.o" -mcpu=cortex-a9 -mfpu=vfpv3 -mfloat-abi=hard -I../../odometry_v2_bsp/ps7_cortexa9_0/include -MMD -MP -MF"src/main.d" -MT"src/main.o" -o "src/main.o" "../src/main.c"
../src/main.c: In function 'setup':
../src/main.c:33:6: warning: unused variable 'StatusReg' [-Wunused-variable]
  u32 StatusReg;
      ^~~~~~~~~
../src/main.c:32:6: warning: unused variable 'progress_status' [-Wunused-variable]
  int progress_status = XST_SUCCESS;
      ^~~~~~~~~~~~~~~
../src/main.c: In function 'main':
../src/main.c:75:6: warning: unused variable 'status' [-Wunused-variable]
   u8 status = XIic_Recv(IIC_BASE_ADDR,MPU6050_I2C_ADDR,&readval,1,XIIC_STOP);
      ^~~~~~
../src/main.c:65:19: warning: unused variable 'program_status' [-Wunused-variable]
  program_status_t program_status = err_succes;
                   ^~~~~~~~~~~~~~
In file included from ../src/main.c:12:0:
At top level:
../src/hdr/i2c.h:36:11: warning: 'waiting_for_rx' defined but not used [-Wunused-variable]
 static u8 waiting_for_rx;
           ^~~~~~~~~~~~~~
'Finished building: ../src/main.c'
' '
'Building target: odometry_v2.elf'
'Invoking: ARM v7 gcc linker'
arm-none-eabi-gcc -mcpu=cortex-a9 -mfpu=vfpv3 -mfloat-abi=hard -Wl,-build-id=none -specs=Xilinx.spec -Wl,-T -Wl,../src/lscript.ld -L../../odometry_v2_bsp/ps7_cortexa9_0/lib -o "odometry_v2.elf"  ./src/i2c.o ./src/main.o   -Wl,--start-group,-lxil,-lgcc,-lc,--end-group
'Finished building target: odometry_v2.elf'
' '
'Invoking: ARM v7 Print Size'
arm-none-eabi-size odometry_v2.elf  |tee "odometry_v2.elf.size"
   text	   data	    bss	    dec	    hex	filename
  21744	   1144	  22584	  45472	   b1a0	odometry_v2.elf
'Finished building: odometry_v2.elf.size'
' '
15:43:13 **** Incremental Build of configuration Debug for project odometry_v2 ****
make pre-build main-build 
a9-linaro-pre-build-step
' '
make: Nothing to be done for `main-build'.
15:43:50 **** Incremental Build of configuration Debug for project odometry_v2 ****
make pre-build main-build 
a9-linaro-pre-build-step
' '
'Building file: ../src/main.c'
'Invoking: ARM v7 gcc compiler'
arm-none-eabi-gcc -Wall -O0 -g3 -c -fmessage-length=0 -MT"src/main.o" -mcpu=cortex-a9 -mfpu=vfpv3 -mfloat-abi=hard -I../../odometry_v2_bsp/ps7_cortexa9_0/include -MMD -MP -MF"src/main.d" -MT"src/main.o" -o "src/main.o" "../src/main.c"
../src/main.c: In function 'setup':
../src/main.c:33:6: warning: unused variable 'StatusReg' [-Wunused-variable]
  u32 StatusReg;
      ^~~~~~~~~
../src/main.c:32:6: warning: unused variable 'progress_status' [-Wunused-variable]
  int progress_status = XST_SUCCESS;
      ^~~~~~~~~~~~~~~
../src/main.c: In function 'main':
../src/main.c:75:6: warning: unused variable 'readstatus' [-Wunused-variable]
   u8 readstatus = XIic_Recv(IIC_BASE_ADDR,MPU6050_I2C_ADDR,&readval,1,XIIC_STOP);
      ^~~~~~~~~~
../src/main.c:74:6: warning: unused variable 'writestatus' [-Wunused-variable]
   u8 writestatus = XIic_Send(IIC_BASE_ADDR, MPU6050_I2C_ADDR, &cmd, 1, XIIC_STOP);
      ^~~~~~~~~~~
../src/main.c:65:19: warning: unused variable 'program_status' [-Wunused-variable]
  program_status_t program_status = err_succes;
                   ^~~~~~~~~~~~~~
In file included from ../src/main.c:12:0:
At top level:
../src/hdr/i2c.h:36:11: warning: 'waiting_for_rx' defined but not used [-Wunused-variable]
 static u8 waiting_for_rx;
           ^~~~~~~~~~~~~~
'Finished building: ../src/main.c'
' '
'Building target: odometry_v2.elf'
'Invoking: ARM v7 gcc linker'
arm-none-eabi-gcc -mcpu=cortex-a9 -mfpu=vfpv3 -mfloat-abi=hard -Wl,-build-id=none -specs=Xilinx.spec -Wl,-T -Wl,../src/lscript.ld -L../../odometry_v2_bsp/ps7_cortexa9_0/lib -o "odometry_v2.elf"  ./src/i2c.o ./src/main.o   -Wl,--start-group,-lxil,-lgcc,-lc,--end-group
'Finished building target: odometry_v2.elf'
' '
'Invoking: ARM v7 Print Size'
arm-none-eabi-size odometry_v2.elf  |tee "odometry_v2.elf.size"
   text	   data	    bss	    dec	    hex	filename
  21752	   1144	  22584	  45480	   b1a8	odometry_v2.elf
'Finished building: odometry_v2.elf.size'
' '
15:45:35 **** Incremental Build of configuration Debug for project odometry_v2 ****
make pre-build main-build 
a9-linaro-pre-build-step
' '
'Building file: ../src/main.c'
'Invoking: ARM v7 gcc compiler'
arm-none-eabi-gcc -Wall -O0 -g3 -c -fmessage-length=0 -MT"src/main.o" -mcpu=cortex-a9 -mfpu=vfpv3 -mfloat-abi=hard -I../../odometry_v2_bsp/ps7_cortexa9_0/include -MMD -MP -MF"src/main.d" -MT"src/main.o" -o "src/main.o" "../src/main.c"
../src/main.c: In function 'setup':
../src/main.c:33:6: warning: unused variable 'StatusReg' [-Wunused-variable]
  u32 StatusReg;
      ^~~~~~~~~
../src/main.c:32:6: warning: unused variable 'progress_status' [-Wunused-variable]
  int progress_status = XST_SUCCESS;
      ^~~~~~~~~~~~~~~
../src/main.c: In function 'main':
../src/main.c:75:6: warning: unused variable 'readstatus' [-Wunused-variable]
   u8 readstatus = XIic_Recv(IIC_BASE_ADDR,MPU6050_I2C_ADDR,&readval,1,XIIC_STOP);
      ^~~~~~~~~~
../src/main.c:74:6: warning: unused variable 'writestatus' [-Wunused-variable]
   u8 writestatus = XIic_Send(IIC_BASE_ADDR, MPU6050_I2C_ADDR, &cmd, 1, XIIC_STOP);
      ^~~~~~~~~~~
../src/main.c:65:19: warning: unused variable 'program_status' [-Wunused-variable]
  program_status_t program_status = err_succes;
                   ^~~~~~~~~~~~~~
In file included from ../src/main.c:12:0:
At top level:
../src/hdr/i2c.h:36:11: warning: 'waiting_for_rx' defined but not used [-Wunused-variable]
 static u8 waiting_for_rx;
           ^~~~~~~~~~~~~~
'Finished building: ../src/main.c'
' '
'Building target: odometry_v2.elf'
'Invoking: ARM v7 gcc linker'
arm-none-eabi-gcc -mcpu=cortex-a9 -mfpu=vfpv3 -mfloat-abi=hard -Wl,-build-id=none -specs=Xilinx.spec -Wl,-T -Wl,../src/lscript.ld -L../../odometry_v2_bsp/ps7_cortexa9_0/lib -o "odometry_v2.elf"  ./src/i2c.o ./src/main.o   -Wl,--start-group,-lxil,-lgcc,-lc,--end-group
'Finished building target: odometry_v2.elf'
' '
'Invoking: ARM v7 Print Size'
arm-none-eabi-size odometry_v2.elf  |tee "odometry_v2.elf.size"
   text	   data	    bss	    dec	    hex	filename
  21752	   1144	  22584	  45480	   b1a8	odometry_v2.elf
'Finished building: odometry_v2.elf.size'
' '
15:47:17 **** Auto Build of configuration Debug for project odometry_v2 ****
make pre-build main-build 
a9-linaro-pre-build-step
' '
'Building file: ../src/main.c'
'Invoking: ARM v7 gcc compiler'
arm-none-eabi-gcc -Wall -O0 -g3 -c -fmessage-length=0 -MT"src/main.o" -mcpu=cortex-a9 -mfpu=vfpv3 -mfloat-abi=hard -I../../odometry_v2_bsp/ps7_cortexa9_0/include -MMD -MP -MF"src/main.d" -MT"src/main.o" -o "src/main.o" "../src/main.c"
../src/main.c: In function 'main':
../src/main.c:57:6: warning: unused variable 'readstatus' [-Wunused-variable]
   u8 readstatus = XIic_Recv(IIC_BASE_ADDR,MPU6050_I2C_ADDR,&readval,1,XIIC_STOP);
      ^~~~~~~~~~
../src/main.c:56:6: warning: unused variable 'writestatus' [-Wunused-variable]
   u8 writestatus = XIic_Send(IIC_BASE_ADDR, MPU6050_I2C_ADDR, &cmd, 1, XIIC_STOP);
      ^~~~~~~~~~~
../src/main.c:47:19: warning: unused variable 'program_status' [-Wunused-variable]
  program_status_t program_status = err_succes;
                   ^~~~~~~~~~~~~~
In file included from ../src/main.c:12:0:
At top level:
../src/hdr/i2c.h:36:11: warning: 'waiting_for_rx' defined but not used [-Wunused-variable]
 static u8 waiting_for_rx;
           ^~~~~~~~~~~~~~
'Finished building: ../src/main.c'
' '
'Building target: odometry_v2.elf'
'Invoking: ARM v7 gcc linker'
arm-none-eabi-gcc -mcpu=cortex-a9 -mfpu=vfpv3 -mfloat-abi=hard -Wl,-build-id=none -specs=Xilinx.spec -Wl,-T -Wl,../src/lscript.ld -L../../odometry_v2_bsp/ps7_cortexa9_0/lib -o "odometry_v2.elf"  ./src/i2c.o ./src/main.o   -Wl,--start-group,-lxil,-lgcc,-lc,--end-group
'Finished building target: odometry_v2.elf'
' '
'Invoking: ARM v7 Print Size'
arm-none-eabi-size odometry_v2.elf  |tee "odometry_v2.elf.size"
   text	   data	    bss	    dec	    hex	filename
  21744	   1144	  22584	  45472	   b1a0	odometry_v2.elf
'Finished building: odometry_v2.elf.size'
' '
15:53:36 **** Auto Build of configuration Debug for project odometry_v2 ****
make pre-build main-build 
a9-linaro-pre-build-step
' '
'Building file: ../src/main.c'
'Invoking: ARM v7 gcc compiler'
arm-none-eabi-gcc -Wall -O0 -g3 -c -fmessage-length=0 -MT"src/main.o" -mcpu=cortex-a9 -mfpu=vfpv3 -mfloat-abi=hard -I../../odometry_v2_bsp/ps7_cortexa9_0/include -MMD -MP -MF"src/main.d" -MT"src/main.o" -o "src/main.o" "../src/main.c"
../src/main.c: In function 'main':
../src/main.c:58:3: error: too few arguments to function 'usleep'
   usleep();
   ^~~~~~
In file included from ../src/main.c:17:0:
../../odometry_v2_bsp/ps7_cortexa9_0/include/sleep.h:104:6: note: declared here
 void usleep(unsigned long useconds);
      ^~~~~~
../src/main.c:59:6: warning: unused variable 'readstatus' [-Wunused-variable]
   u8 readstatus = XIic_Recv(IIC_BASE_ADDR,MPU6050_I2C_ADDR,&readval,1,XIIC_STOP);
      ^~~~~~~~~~
../src/main.c:57:6: warning: unused variable 'writestatus' [-Wunused-variable]
   u8 writestatus = XIic_Send(IIC_BASE_ADDR, MPU6050_I2C_ADDR, &cmd, 1, XIIC_STOP);
      ^~~~~~~~~~~
../src/main.c:48:19: warning: unused variable 'program_status' [-Wunused-variable]
  program_status_t program_status = err_succes;
                   ^~~~~~~~~~~~~~
In file included from ../src/main.c:12:0:
At top level:
../src/hdr/i2c.h:36:11: warning: 'waiting_for_rx' defined but not used [-Wunused-variable]
 static u8 waiting_for_rx;
           ^~~~~~~~~~~~~~
make: *** [src/main.o] Error 1
15:53:48 **** Auto Build of configuration Debug for project odometry_v2 ****
make pre-build main-build 
a9-linaro-pre-build-step
' '
'Building file: ../src/main.c'
'Invoking: ARM v7 gcc compiler'
arm-none-eabi-gcc -Wall -O0 -g3 -c -fmessage-length=0 -MT"src/main.o" -mcpu=cortex-a9 -mfpu=vfpv3 -mfloat-abi=hard -I../../odometry_v2_bsp/ps7_cortexa9_0/include -MMD -MP -MF"src/main.d" -MT"src/main.o" -o "src/main.o" "../src/main.c"
../src/main.c: In function 'main':
../src/main.c:59:6: warning: unused variable 'readstatus' [-Wunused-variable]
   u8 readstatus = XIic_Recv(IIC_BASE_ADDR,MPU6050_I2C_ADDR,&readval,1,XIIC_STOP);
      ^~~~~~~~~~
../src/main.c:57:6: warning: unused variable 'writestatus' [-Wunused-variable]
   u8 writestatus = XIic_Send(IIC_BASE_ADDR, MPU6050_I2C_ADDR, &cmd, 1, XIIC_STOP);
      ^~~~~~~~~~~
../src/main.c:48:19: warning: unused variable 'program_status' [-Wunused-variable]
  program_status_t program_status = err_succes;
                   ^~~~~~~~~~~~~~
In file included from ../src/main.c:12:0:
At top level:
../src/hdr/i2c.h:36:11: warning: 'waiting_for_rx' defined but not used [-Wunused-variable]
 static u8 waiting_for_rx;
           ^~~~~~~~~~~~~~
'Finished building: ../src/main.c'
' '
'Building target: odometry_v2.elf'
'Invoking: ARM v7 gcc linker'
arm-none-eabi-gcc -mcpu=cortex-a9 -mfpu=vfpv3 -mfloat-abi=hard -Wl,-build-id=none -specs=Xilinx.spec -Wl,-T -Wl,../src/lscript.ld -L../../odometry_v2_bsp/ps7_cortexa9_0/lib -o "odometry_v2.elf"  ./src/i2c.o ./src/main.o   -Wl,--start-group,-lxil,-lgcc,-lc,--end-group
'Finished building target: odometry_v2.elf'
' '
'Invoking: ARM v7 Print Size'
arm-none-eabi-size odometry_v2.elf  |tee "odometry_v2.elf.size"
   text	   data	    bss	    dec	    hex	filename
  21752	   1144	  22584	  45480	   b1a8	odometry_v2.elf
'Finished building: odometry_v2.elf.size'
' '
15:53:53 **** Incremental Build of configuration Debug for project odometry_v2 ****
make pre-build main-build 
a9-linaro-pre-build-step
' '
make: Nothing to be done for `main-build'.
15:54:21 **** Incremental Build of configuration Debug for project odometry_v2 ****
make pre-build main-build 
a9-linaro-pre-build-step
' '
make: Nothing to be done for `main-build'.
16:18:00 **** Auto Build of configuration Debug for project odometry_v2 ****
make pre-build main-build 
a9-linaro-pre-build-step
' '
'Building file: ../src/main.c'
'Invoking: ARM v7 gcc compiler'
arm-none-eabi-gcc -Wall -O0 -g3 -c -fmessage-length=0 -MT"src/main.o" -mcpu=cortex-a9 -mfpu=vfpv3 -mfloat-abi=hard -I../../odometry_v2_bsp/ps7_cortexa9_0/include -MMD -MP -MF"src/main.d" -MT"src/main.o" -o "src/main.o" "../src/main.c"
../src/main.c: In function 'main':
../src/main.c:58:6: warning: unused variable 'readstatus' [-Wunused-variable]
   u8 readstatus = XIic_Recv(IIC_BASE_ADDR,MPU6050_I2C_ADDR,&readval,6,XIIC_STOP);
      ^~~~~~~~~~
../src/main.c:56:6: warning: unused variable 'writestatus' [-Wunused-variable]
   u8 writestatus = XIic_Send(IIC_BASE_ADDR, MPU6050_I2C_ADDR, &cmd, 1, XIIC_STOP);
      ^~~~~~~~~~~
../src/main.c:48:19: warning: unused variable 'program_status' [-Wunused-variable]
  program_status_t program_status = err_succes;
                   ^~~~~~~~~~~~~~
In file included from ../src/main.c:12:0:
At top level:
../src/hdr/i2c.h:36:11: warning: 'waiting_for_rx' defined but not used [-Wunused-variable]
 static u8 waiting_for_rx;
           ^~~~~~~~~~~~~~
'Finished building: ../src/main.c'
' '
'Building target: odometry_v2.elf'
'Invoking: ARM v7 gcc linker'
arm-none-eabi-gcc -mcpu=cortex-a9 -mfpu=vfpv3 -mfloat-abi=hard -Wl,-build-id=none -specs=Xilinx.spec -Wl,-T -Wl,../src/lscript.ld -L../../odometry_v2_bsp/ps7_cortexa9_0/lib -o "odometry_v2.elf"  ./src/i2c.o ./src/main.o   -Wl,--start-group,-lxil,-lgcc,-lc,--end-group
'Finished building target: odometry_v2.elf'
' '
'Invoking: ARM v7 Print Size'
arm-none-eabi-size odometry_v2.elf  |tee "odometry_v2.elf.size"
   text	   data	    bss	    dec	    hex	filename
  21752	   1144	  22584	  45480	   b1a8	odometry_v2.elf
'Finished building: odometry_v2.elf.size'
' '
16:18:07 **** Incremental Build of configuration Debug for project odometry_v2 ****
make pre-build main-build 
a9-linaro-pre-build-step
' '
make: Nothing to be done for `main-build'.
16:21:03 **** Auto Build of configuration Debug for project odometry_v2 ****
make pre-build main-build 
a9-linaro-pre-build-step
' '
'Building file: ../src/main.c'
'Invoking: ARM v7 gcc compiler'
arm-none-eabi-gcc -Wall -O0 -g3 -c -fmessage-length=0 -MT"src/main.o" -mcpu=cortex-a9 -mfpu=vfpv3 -mfloat-abi=hard -I../../odometry_v2_bsp/ps7_cortexa9_0/include -MMD -MP -MF"src/main.d" -MT"src/main.o" -o "src/main.o" "../src/main.c"
../src/main.c: In function 'main':
../src/main.c:58:6: warning: unused variable 'readstatus' [-Wunused-variable]
   u8 readstatus = XIic_Recv(IIC_BASE_ADDR,MPU6050_I2C_ADDR,&readval,6,XIIC_STOP);
      ^~~~~~~~~~
../src/main.c:56:6: warning: unused variable 'writestatus' [-Wunused-variable]
   u8 writestatus = XIic_Send(IIC_BASE_ADDR, MPU6050_I2C_ADDR, &cmd, 1, XIIC_STOP);
      ^~~~~~~~~~~
../src/main.c:48:19: warning: unused variable 'program_status' [-Wunused-variable]
  program_status_t program_status = err_succes;
                   ^~~~~~~~~~~~~~
In file included from ../src/main.c:12:0:
At top level:
../src/hdr/i2c.h:36:11: warning: 'waiting_for_rx' defined but not used [-Wunused-variable]
 static u8 waiting_for_rx;
           ^~~~~~~~~~~~~~
'Finished building: ../src/main.c'
' '
'Building target: odometry_v2.elf'
'Invoking: ARM v7 gcc linker'
arm-none-eabi-gcc -mcpu=cortex-a9 -mfpu=vfpv3 -mfloat-abi=hard -Wl,-build-id=none -specs=Xilinx.spec -Wl,-T -Wl,../src/lscript.ld -L../../odometry_v2_bsp/ps7_cortexa9_0/lib -o "odometry_v2.elf"  ./src/i2c.o ./src/main.o   -Wl,--start-group,-lxil,-lgcc,-lc,--end-group
'Finished building target: odometry_v2.elf'
' '
'Invoking: ARM v7 Print Size'
arm-none-eabi-size odometry_v2.elf  |tee "odometry_v2.elf.size"
   text	   data	    bss	    dec	    hex	filename
  21752	   1144	  22584	  45480	   b1a8	odometry_v2.elf
'Finished building: odometry_v2.elf.size'
' '
16:21:09 **** Incremental Build of configuration Debug for project odometry_v2 ****
make pre-build main-build 
a9-linaro-pre-build-step
' '
make: Nothing to be done for `main-build'.
16:21:33 **** Incremental Build of configuration Debug for project odometry_v2 ****
make pre-build main-build 
a9-linaro-pre-build-step
' '
make: Nothing to be done for `main-build'.
16:22:15 **** Auto Build of configuration Debug for project odometry_v2 ****
make pre-build main-build 
a9-linaro-pre-build-step
' '
'Building file: ../src/main.c'
'Invoking: ARM v7 gcc compiler'
arm-none-eabi-gcc -Wall -O0 -g3 -c -fmessage-length=0 -MT"src/main.o" -mcpu=cortex-a9 -mfpu=vfpv3 -mfloat-abi=hard -I../../odometry_v2_bsp/ps7_cortexa9_0/include -MMD -MP -MF"src/main.d" -MT"src/main.o" -o "src/main.o" "../src/main.c"
../src/main.c: In function 'main':
../src/main.c:58:6: warning: unused variable 'readstatus' [-Wunused-variable]
   u8 readstatus = XIic_Recv(IIC_BASE_ADDR,MPU6050_I2C_ADDR,&readval,6,XIIC_STOP);
      ^~~~~~~~~~
../src/main.c:56:6: warning: unused variable 'writestatus' [-Wunused-variable]
   u8 writestatus = XIic_Send(IIC_BASE_ADDR, MPU6050_I2C_ADDR, &cmd, 1, XIIC_STOP);
      ^~~~~~~~~~~
../src/main.c:48:19: warning: unused variable 'program_status' [-Wunused-variable]
  program_status_t program_status = err_succes;
                   ^~~~~~~~~~~~~~
In file included from ../src/main.c:12:0:
At top level:
../src/hdr/i2c.h:36:11: warning: 'waiting_for_rx' defined but not used [-Wunused-variable]
 static u8 waiting_for_rx;
           ^~~~~~~~~~~~~~
'Finished building: ../src/main.c'
' '
'Building target: odometry_v2.elf'
'Invoking: ARM v7 gcc linker'
arm-none-eabi-gcc -mcpu=cortex-a9 -mfpu=vfpv3 -mfloat-abi=hard -Wl,-build-id=none -specs=Xilinx.spec -Wl,-T -Wl,../src/lscript.ld -L../../odometry_v2_bsp/ps7_cortexa9_0/lib -o "odometry_v2.elf"  ./src/i2c.o ./src/main.o   -Wl,--start-group,-lxil,-lgcc,-lc,--end-group
'Finished building target: odometry_v2.elf'
' '
'Invoking: ARM v7 Print Size'
arm-none-eabi-size odometry_v2.elf  |tee "odometry_v2.elf.size"
   text	   data	    bss	    dec	    hex	filename
  21752	   1144	  22584	  45480	   b1a8	odometry_v2.elf
'Finished building: odometry_v2.elf.size'
' '
16:22:18 **** Incremental Build of configuration Debug for project odometry_v2 ****
make pre-build main-build 
a9-linaro-pre-build-step
' '
make: Nothing to be done for `main-build'.
16:23:31 **** Incremental Build of configuration Debug for project odometry_v2 ****
make pre-build main-build 
a9-linaro-pre-build-step
' '
make: Nothing to be done for `main-build'.
16:24:44 **** Incremental Build of configuration Debug for project odometry_v2 ****
make pre-build main-build 
a9-linaro-pre-build-step
' '
make: Nothing to be done for `main-build'.
16:25:46 **** Incremental Build of configuration Debug for project odometry_v2 ****
make pre-build main-build 
a9-linaro-pre-build-step
' '
make: Nothing to be done for `main-build'.
16:27:00 **** Incremental Build of configuration Debug for project odometry_v2 ****
make pre-build main-build 
a9-linaro-pre-build-step
' '
make: Nothing to be done for `main-build'.
16:27:19 **** Auto Build of configuration Debug for project odometry_v2 ****
make pre-build main-build 
a9-linaro-pre-build-step
' '
'Building file: ../src/main.c'
'Invoking: ARM v7 gcc compiler'
arm-none-eabi-gcc -Wall -O0 -g3 -c -fmessage-length=0 -MT"src/main.o" -mcpu=cortex-a9 -mfpu=vfpv3 -mfloat-abi=hard -I../../odometry_v2_bsp/ps7_cortexa9_0/include -MMD -MP -MF"src/main.d" -MT"src/main.o" -o "src/main.o" "../src/main.c"
../src/main.c: In function 'main':
../src/main.c:58:6: warning: unused variable 'readstatus' [-Wunused-variable]
   u8 readstatus = XIic_Recv(IIC_BASE_ADDR,MPU6050_I2C_ADDR,&readval,6,XIIC_STOP);
      ^~~~~~~~~~
../src/main.c:56:6: warning: unused variable 'writestatus' [-Wunused-variable]
   u8 writestatus = XIic_Send(IIC_BASE_ADDR, MPU6050_I2C_ADDR, &cmd, 1, XIIC_STOP);
      ^~~~~~~~~~~
../src/main.c:48:19: warning: unused variable 'program_status' [-Wunused-variable]
  program_status_t program_status = err_succes;
                   ^~~~~~~~~~~~~~
In file included from ../src/main.c:12:0:
At top level:
../src/hdr/i2c.h:36:11: warning: 'waiting_for_rx' defined but not used [-Wunused-variable]
 static u8 waiting_for_rx;
           ^~~~~~~~~~~~~~
'Finished building: ../src/main.c'
' '
'Building target: odometry_v2.elf'
'Invoking: ARM v7 gcc linker'
arm-none-eabi-gcc -mcpu=cortex-a9 -mfpu=vfpv3 -mfloat-abi=hard -Wl,-build-id=none -specs=Xilinx.spec -Wl,-T -Wl,../src/lscript.ld -L../../odometry_v2_bsp/ps7_cortexa9_0/lib -o "odometry_v2.elf"  ./src/i2c.o ./src/main.o   -Wl,--start-group,-lxil,-lgcc,-lc,--end-group
'Finished building target: odometry_v2.elf'
' '
'Invoking: ARM v7 Print Size'
arm-none-eabi-size odometry_v2.elf  |tee "odometry_v2.elf.size"
   text	   data	    bss	    dec	    hex	filename
  21752	   1144	  22584	  45480	   b1a8	odometry_v2.elf
'Finished building: odometry_v2.elf.size'
' '
16:27:36 **** Incremental Build of configuration Debug for project odometry_v2 ****
make pre-build main-build 
a9-linaro-pre-build-step
' '
make: Nothing to be done for `main-build'.
16:28:10 **** Incremental Build of configuration Debug for project odometry_v2 ****
make pre-build main-build 
a9-linaro-pre-build-step
' '
make: Nothing to be done for `main-build'.
16:35:36 **** Auto Build of configuration Debug for project odometry_v2 ****
make pre-build main-build 
a9-linaro-pre-build-step
' '
'Building file: ../src/main.c'
'Invoking: ARM v7 gcc compiler'
arm-none-eabi-gcc -Wall -O0 -g3 -c -fmessage-length=0 -MT"src/main.o" -mcpu=cortex-a9 -mfpu=vfpv3 -mfloat-abi=hard -I../../odometry_v2_bsp/ps7_cortexa9_0/include -MMD -MP -MF"src/main.d" -MT"src/main.o" -o "src/main.o" "../src/main.c"
../src/main.c: In function 'main':
../src/main.c:59:6: warning: unused variable 'readstatus' [-Wunused-variable]
   u8 readstatus = XIic_Recv(IIC_BASE_ADDR,MPU6050_I2C_ADDR,&readval,6,XIIC_STOP);
      ^~~~~~~~~~
../src/main.c:57:6: warning: unused variable 'writestatus' [-Wunused-variable]
   u8 writestatus = XIic_Send(IIC_BASE_ADDR, MPU6050_I2C_ADDR, &cmd, 1, XIIC_STOP);
      ^~~~~~~~~~~
../src/main.c:49:19: warning: unused variable 'program_status' [-Wunused-variable]
  program_status_t program_status = err_succes;
                   ^~~~~~~~~~~~~~
In file included from ../src/main.c:12:0:
At top level:
../src/hdr/i2c.h:36:11: warning: 'waiting_for_rx' defined but not used [-Wunused-variable]
 static u8 waiting_for_rx;
           ^~~~~~~~~~~~~~
'Finished building: ../src/main.c'
' '
'Building target: odometry_v2.elf'
'Invoking: ARM v7 gcc linker'
arm-none-eabi-gcc -mcpu=cortex-a9 -mfpu=vfpv3 -mfloat-abi=hard -Wl,-build-id=none -specs=Xilinx.spec -Wl,-T -Wl,../src/lscript.ld -L../../odometry_v2_bsp/ps7_cortexa9_0/lib -o "odometry_v2.elf"  ./src/i2c.o ./src/main.o   -Wl,--start-group,-lxil,-lgcc,-lc,--end-group
'Finished building target: odometry_v2.elf'
' '
'Invoking: ARM v7 Print Size'
arm-none-eabi-size odometry_v2.elf  |tee "odometry_v2.elf.size"
   text	   data	    bss	    dec	    hex	filename
  21752	   1144	  22584	  45480	   b1a8	odometry_v2.elf
'Finished building: odometry_v2.elf.size'
' '
16:38:59 **** Auto Build of configuration Debug for project odometry_v2 ****
make pre-build main-build 
a9-linaro-pre-build-step
' '
'Building file: ../src/main.c'
'Invoking: ARM v7 gcc compiler'
arm-none-eabi-gcc -Wall -O0 -g3 -c -fmessage-length=0 -MT"src/main.o" -mcpu=cortex-a9 -mfpu=vfpv3 -mfloat-abi=hard -I../../odometry_v2_bsp/ps7_cortexa9_0/include -MMD -MP -MF"src/main.d" -MT"src/main.o" -o "src/main.o" "../src/main.c"
../src/main.c: In function 'main':
../src/main.c:55:6: warning: unused variable 'cmd' [-Wunused-variable]
   u8 cmd = MPU6050_ACCEL_XOUT_H;
      ^~~
../src/main.c:48:19: warning: unused variable 'program_status' [-Wunused-variable]
  program_status_t program_status = err_succes;
                   ^~~~~~~~~~~~~~
../src/main.c: In function 'mpu6050_reg_read':
../src/main.c:68:1: warning: control reaches end of non-void function [-Wreturn-type]
 }
 ^
In file included from ../src/main.c:12:0:
At top level:
../src/hdr/i2c.h:36:11: warning: 'waiting_for_rx' defined but not used [-Wunused-variable]
 static u8 waiting_for_rx;
           ^~~~~~~~~~~~~~
'Finished building: ../src/main.c'
' '
'Building target: odometry_v2.elf'
'Invoking: ARM v7 gcc linker'
arm-none-eabi-gcc -mcpu=cortex-a9 -mfpu=vfpv3 -mfloat-abi=hard -Wl,-build-id=none -specs=Xilinx.spec -Wl,-T -Wl,../src/lscript.ld -L../../odometry_v2_bsp/ps7_cortexa9_0/lib -o "odometry_v2.elf"  ./src/i2c.o ./src/main.o   -Wl,--start-group,-lxil,-lgcc,-lc,--end-group
'Finished building target: odometry_v2.elf'
' '
'Invoking: ARM v7 Print Size'
arm-none-eabi-size odometry_v2.elf  |tee "odometry_v2.elf.size"
   text	   data	    bss	    dec	    hex	filename
  21772	   1144	  22584	  45500	   b1bc	odometry_v2.elf
'Finished building: odometry_v2.elf.size'
' '
16:46:28 **** Auto Build of configuration Debug for project odometry_v2 ****
make pre-build main-build 
a9-linaro-pre-build-step
[...]
'Invoking: ARM v7 gcc compiler'
arm-none-eabi-gcc -Wall -O0 -g3 -c -fmessage-length=0 -MT"src/main.o" -mcpu=cortex-a9 -mfpu=vfpv3 -mfloat-abi=hard -I../../odometry_v2_bsp/ps7_cortexa9_0/include -MMD -MP -MF"src/main.d" -MT"src/main.o" -o "src/main.o" "../src/main.c"
In file included from ../src/main.c:13:0:
../src/hdr/i2c.h:36:11: warning: 'waiting_for_rx' defined but not used [-Wunused-variable]
 static u8 waiting_for_rx;
           ^~~~~~~~~~~~~~
'Finished building: ../src/main.c'
' '
'Building target: odometry_v2.elf'
'Invoking: ARM v7 gcc linker'
arm-none-eabi-gcc -mcpu=cortex-a9 -mfpu=vfpv3 -mfloat-abi=hard -Wl,-build-id=none -specs=Xilinx.spec -Wl,-T -Wl,../src/lscript.ld -L../../odometry_v2_bsp/ps7_cortexa9_0/lib -o "odometry_v2.elf"  ./src/i2c.o ./src/main.o   -lm -Wl,--start-group,-lxil,-lgcc,-lc,--end-group
'Finished building target: odometry_v2.elf'
' '
'Invoking: ARM v7 Print Size'
arm-none-eabi-size odometry_v2.elf  |tee "odometry_v2.elf.size"
   text	   data	    bss	    dec	    hex	filename
  40192	   1144	  22584	  63920	   f9b0	odometry_v2.elf
'Finished building: odometry_v2.elf.size'
' '
00:26:15 **** Auto Build of configuration Debug for project odometry_v2 ****
make pre-build main-build 
a9-linaro-pre-build-step
' '
'Building file: ../src/main.c'
'Invoking: ARM v7 gcc compiler'
arm-none-eabi-gcc -Wall -O0 -g3 -c -fmessage-length=0 -MT"src/main.o" -mcpu=cortex-a9 -mfpu=vfpv3 -mfloat-abi=hard -I../../odometry_v2_bsp/ps7_cortexa9_0/include -MMD -MP -MF"src/main.d" -MT"src/main.o" -o "src/main.o" "../src/main.c"
../src/main.c: In function 'main':
../src/main.c:148:9: warning: implicit declaration of function 'printfloat'; did you mean 'printf'? [-Wimplicit-function-declaration]
         printfloat("Positon: ", , "");
         ^~~~~~~~~~
         printf
../src/main.c:148:33: error: expected expression before ',' token
         printfloat("Positon: ", , "");
                                 ^
../src/main.c:149:34: error: expected expression before ',' token
         printfloat("Rotation: ", , "\r\n");
                                  ^
In file included from ../src/main.c:13:0:
At top level:
../src/hdr/i2c.h:36:11: warning: 'waiting_for_rx' defined but not used [-Wunused-variable]
 static u8 waiting_for_rx;
           ^~~~~~~~~~~~~~
make: *** [src/main.o] Error 1
00:30:02 **** Auto Build of configuration Debug for project odometry_v2 ****
make pre-build main-build 
a9-linaro-pre-build-step
' '
'Building file: ../src/main.c'
'Invoking: ARM v7 gcc compiler'
arm-none-eabi-gcc -Wall -O0 -g3 -c -fmessage-length=0 -MT"src/main.o" -mcpu=cortex-a9 -mfpu=vfpv3 -mfloat-abi=hard -I../../odometry_v2_bsp/ps7_cortexa9_0/include -MMD -MP -MF"src/main.d" -MT"src/main.o" -o "src/main.o" "../src/main.c"
../src/main.c: In function 'main':
../src/main.c:148:9: warning: implicit declaration of function 'printfloat_data' [-Wimplicit-function-declaration]
         printfloat_data("Positon: ", , "");
         ^~~~~~~~~~~~~~~
../src/main.c:148:38: error: expected expression before ',' token
         printfloat_data("Positon: ", , "");
                                      ^
../src/main.c:149:39: error: expected expression before ',' token
         printfloat_data("Rotation: ", , "\r\n");
                                       ^
../src/main.c: At top level:
../src/main.c:296:6: warning: conflicting types for 'printfloat_data'
 void printfloat_data(char* pre_string, float data1, float data2, float data3, char* post_string)
      ^~~~~~~~~~~~~~~
../src/main.c:148:9: note: previous implicit declaration of 'printfloat_data' was here
         printfloat_data("Positon: ", , "");
         ^~~~~~~~~~~~~~~
In file included from ../src/main.c:13:0:
../src/hdr/i2c.h:36:11: warning: 'waiting_for_rx' defined but not used [-Wunused-variable]
 static u8 waiting_for_rx;
           ^~~~~~~~~~~~~~
make: *** [src/main.o] Error 1
00:33:12 **** Auto Build of configuration Debug for project odometry_v2 ****
make pre-build main-build 
a9-linaro-pre-build-step
' '
'Building file: ../src/main.c'
'Invoking: ARM v7 gcc compiler'
arm-none-eabi-gcc -Wall -O0 -g3 -c -fmessage-length=0 -MT"src/main.o" -mcpu=cortex-a9 -mfpu=vfpv3 -mfloat-abi=hard -I../../odometry_v2_bsp/ps7_cortexa9_0/include -MMD -MP -MF"src/main.d" -MT"src/main.o" -o "src/main.o" "../src/main.c"
../src/main.c: In function 'main':
../src/main.c:148:9: warning: implicit declaration of function 'printfloat_data' [-Wimplicit-function-declaration]
         printfloat_data("Positon: ", position.x, position.y, position.z, "");
         ^~~~~~~~~~~~~~~
../src/main.c: At top level:
../src/main.c:296:6: warning: conflicting types for 'printfloat_data'
 void printfloat_data(char* pre_string, float data1, float data2, float data3, char* post_string)
      ^~~~~~~~~~~~~~~
../src/main.c:148:9: note: previous implicit declaration of 'printfloat_data' was here
         printfloat_data("Positon: ", position.x, position.y, position.z, "");
         ^~~~~~~~~~~~~~~
In file included from ../src/main.c:13:0:
../src/hdr/i2c.h:36:11: warning: 'waiting_for_rx' defined but not used [-Wunused-variable]
 static u8 waiting_for_rx;
           ^~~~~~~~~~~~~~
'Finished building: ../src/main.c'
' '
'Building target: odometry_v2.elf'
'Invoking: ARM v7 gcc linker'
arm-none-eabi-gcc -mcpu=cortex-a9 -mfpu=vfpv3 -mfloat-abi=hard -Wl,-build-id=none -specs=Xilinx.spec -Wl,-T -Wl,../src/lscript.ld -L../../odometry_v2_bsp/ps7_cortexa9_0/lib -o "odometry_v2.elf"  ./src/i2c.o ./src/main.o   -lm -Wl,--start-group,-lxil,-lgcc,-lc,--end-group
'Finished building target: odometry_v2.elf'
' '
'Invoking: ARM v7 Print Size'
arm-none-eabi-size odometry_v2.elf  |tee "odometry_v2.elf.size"
   text	   data	    bss	    dec	    hex	filename
  38560	   1144	  22584	  62288	   f350	odometry_v2.elf
'Finished building: odometry_v2.elf.size'
' '
00:33:28 **** Auto Build of configuration Debug for project odometry_v2 ****
make pre-build main-build 
a9-linaro-pre-build-step
' '
'Building file: ../src/main.c'
'Invoking: ARM v7 gcc compiler'
arm-none-eabi-gcc -Wall -O0 -g3 -c -fmessage-length=0 -MT"src/main.o" -mcpu=cortex-a9 -mfpu=vfpv3 -mfloat-abi=hard -I../../odometry_v2_bsp/ps7_cortexa9_0/include -MMD -MP -MF"src/main.d" -MT"src/main.o" -o "src/main.o" "../src/main.c"
In file included from ../src/main.c:13:0:
../src/hdr/i2c.h:36:11: warning: 'waiting_for_rx' defined but not used [-Wunused-variable]
 static u8 waiting_for_rx;
           ^~~~~~~~~~~~~~
'Finished building: ../src/main.c'
' '
'Building target: odometry_v2.elf'
'Invoking: ARM v7 gcc linker'
arm-none-eabi-gcc -mcpu=cortex-a9 -mfpu=vfpv3 -mfloat-abi=hard -Wl,-build-id=none -specs=Xilinx.spec -Wl,-T -Wl,../src/lscript.ld -L../../odometry_v2_bsp/ps7_cortexa9_0/lib -o "odometry_v2.elf"  ./src/i2c.o ./src/main.o   -lm -Wl,--start-group,-lxil,-lgcc,-lc,--end-group
'Finished building target: odometry_v2.elf'
' '
'Invoking: ARM v7 Print Size'
arm-none-eabi-size odometry_v2.elf  |tee "odometry_v2.elf.size"
   text	   data	    bss	    dec	    hex	filename
  38560	   1144	  22584	  62288	   f350	odometry_v2.elf
'Finished building: odometry_v2.elf.size'
' '
00:33:46 **** Auto Build of configuration Debug for project odometry_v2 ****
make pre-build main-build 
a9-linaro-pre-build-step
' '
'Building file: ../src/main.c'
'Invoking: ARM v7 gcc compiler'
arm-none-eabi-gcc -Wall -O0 -g3 -c -fmessage-length=0 -MT"src/main.o" -mcpu=cortex-a9 -mfpu=vfpv3 -mfloat-abi=hard -I../../odometry_v2_bsp/ps7_cortexa9_0/include -MMD -MP -MF"src/main.d" -MT"src/main.o" -o "src/main.o" "../src/main.c"
In file included from ../src/main.c:13:0:
../src/hdr/i2c.h:36:11: warning: 'waiting_for_rx' defined but not used [-Wunused-variable]
 static u8 waiting_for_rx;
           ^~~~~~~~~~~~~~
'Finished building: ../src/main.c'
' '
'Building target: odometry_v2.elf'
'Invoking: ARM v7 gcc linker'
arm-none-eabi-gcc -mcpu=cortex-a9 -mfpu=vfpv3 -mfloat-abi=hard -Wl,-build-id=none -specs=Xilinx.spec -Wl,-T -Wl,../src/lscript.ld -L../../odometry_v2_bsp/ps7_cortexa9_0/lib -o "odometry_v2.elf"  ./src/i2c.o ./src/main.o   -lm -Wl,--start-group,-lxil,-lgcc,-lc,--end-group
'Finished building target: odometry_v2.elf'
' '
'Invoking: ARM v7 Print Size'
arm-none-eabi-size odometry_v2.elf  |tee "odometry_v2.elf.size"
   text	   data	    bss	    dec	    hex	filename
  38552	   1144	  22584	  62280	   f348	odometry_v2.elf
'Finished building: odometry_v2.elf.size'
' '
00:33:51 **** Incremental Build of configuration Debug for project odometry_v2 ****
make pre-build main-build 
a9-linaro-pre-build-step
' '
make: Nothing to be done for `main-build'.
00:34:21 **** Incremental Build of configuration Debug for project odometry_v2 ****
make pre-build main-build 
a9-linaro-pre-build-step
' '
make: Nothing to be done for `main-build'.
00:35:03 **** Auto Build of configuration Debug for project odometry_v2 ****
make pre-build main-build 
a9-linaro-pre-build-step
' '
'Building file: ../src/main.c'
'Invoking: ARM v7 gcc compiler'
arm-none-eabi-gcc -Wall -O0 -g3 -c -fmessage-length=0 -MT"src/main.o" -mcpu=cortex-a9 -mfpu=vfpv3 -mfloat-abi=hard -I../../odometry_v2_bsp/ps7_cortexa9_0/include -MMD -MP -MF"src/main.d" -MT"src/main.o" -o "src/main.o" "../src/main.c"
In file included from ../src/main.c:13:0:
../src/hdr/i2c.h:36:11: warning: 'waiting_for_rx' defined but not used [-Wunused-variable]
 static u8 waiting_for_rx;
           ^~~~~~~~~~~~~~
'Finished building: ../src/main.c'
' '
'Building target: odometry_v2.elf'
'Invoking: ARM v7 gcc linker'
arm-none-eabi-gcc -mcpu=cortex-a9 -mfpu=vfpv3 -mfloat-abi=hard -Wl,-build-id=none -specs=Xilinx.spec -Wl,-T -Wl,../src/lscript.ld -L../../odometry_v2_bsp/ps7_cortexa9_0/lib -o "odometry_v2.elf"  ./src/i2c.o ./src/main.o   -lm -Wl,--start-group,-lxil,-lgcc,-lc,--end-group
'Finished building target: odometry_v2.elf'
' '
'Invoking: ARM v7 Print Size'
arm-none-eabi-size odometry_v2.elf  |tee "odometry_v2.elf.size"
   text	   data	    bss	    dec	    hex	filename
  38560	   1144	  22584	  62288	   f350	odometry_v2.elf
'Finished building: odometry_v2.elf.size'
' '
00:35:08 **** Incremental Build of configuration Debug for project odometry_v2 ****
make pre-build main-build 
a9-linaro-pre-build-step
' '
make: Nothing to be done for `main-build'.
00:35:45 **** Incremental Build of configuration Debug for project odometry_v2 ****
make pre-build main-build 
a9-linaro-pre-build-step
' '
make: Nothing to be done for `main-build'.
00:36:01 **** Incremental Build of configuration Debug for project odometry_v2 ****
make pre-build main-build 
a9-linaro-pre-build-step
' '
make: Nothing to be done for `main-build'.
00:36:27 **** Auto Build of configuration Debug for project odometry_v2 ****
make pre-build main-build 
a9-linaro-pre-build-step
' '
'Building file: ../src/main.c'
'Invoking: ARM v7 gcc compiler'
arm-none-eabi-gcc -Wall -O0 -g3 -c -fmessage-length=0 -MT"src/main.o" -mcpu=cortex-a9 -mfpu=vfpv3 -mfloat-abi=hard -I../../odometry_v2_bsp/ps7_cortexa9_0/include -MMD -MP -MF"src/main.d" -MT"src/main.o" -o "src/main.o" "../src/main.c"
In file included from ../src/main.c:13:0:
../src/hdr/i2c.h:36:11: warning: 'waiting_for_rx' defined but not used [-Wunused-variable]
 static u8 waiting_for_rx;
           ^~~~~~~~~~~~~~
'Finished building: ../src/main.c'
' '
'Building target: odometry_v2.elf'
'Invoking: ARM v7 gcc linker'
arm-none-eabi-gcc -mcpu=cortex-a9 -mfpu=vfpv3 -mfloat-abi=hard -Wl,-build-id=none -specs=Xilinx.spec -Wl,-T -Wl,../src/lscript.ld -L../../odometry_v2_bsp/ps7_cortexa9_0/lib -o "odometry_v2.elf"  ./src/i2c.o ./src/main.o   -lm -Wl,--start-group,-lxil,-lgcc,-lc,--end-group
'Finished building target: odometry_v2.elf'
' '
'Invoking: ARM v7 Print Size'
arm-none-eabi-size odometry_v2.elf  |tee "odometry_v2.elf.size"
   text	   data	    bss	    dec	    hex	filename
  38560	   1144	  22584	  62288	   f350	odometry_v2.elf
'Finished building: odometry_v2.elf.size'
' '
00:36:44 **** Incremental Build of configuration Debug for project odometry_v2 ****
make pre-build main-build 
a9-linaro-pre-build-step
' '
make: Nothing to be done for `main-build'.
00:40:41 **** Auto Build of configuration Debug for project odometry_v2 ****
make pre-build main-build 
a9-linaro-pre-build-step
' '
'Building file: ../src/main.c'
'Invoking: ARM v7 gcc compiler'
arm-none-eabi-gcc -Wall -O0 -g3 -c -fmessage-length=0 -MT"src/main.o" -mcpu=cortex-a9 -mfpu=vfpv3 -mfloat-abi=hard -I../../odometry_v2_bsp/ps7_cortexa9_0/include -MMD -MP -MF"src/main.d" -MT"src/main.o" -o "src/main.o" "../src/main.c"
In file included from ../src/main.c:13:0:
../src/hdr/i2c.h:36:11: warning: 'waiting_for_rx' defined but not used [-Wunused-variable]
 static u8 waiting_for_rx;
           ^~~~~~~~~~~~~~
'Finished building: ../src/main.c'
' '
'Building target: odometry_v2.elf'
'Invoking: ARM v7 gcc linker'
arm-none-eabi-gcc -mcpu=cortex-a9 -mfpu=vfpv3 -mfloat-abi=hard -Wl,-build-id=none -specs=Xilinx.spec -Wl,-T -Wl,../src/lscript.ld -L../../odometry_v2_bsp/ps7_cortexa9_0/lib -o "odometry_v2.elf"  ./src/i2c.o ./src/main.o   -lm -Wl,--start-group,-lxil,-lgcc,-lc,--end-group
'Finished building target: odometry_v2.elf'
' '
'Invoking: ARM v7 Print Size'
arm-none-eabi-size odometry_v2.elf  |tee "odometry_v2.elf.size"
   text	   data	    bss	    dec	    hex	filename
  38560	   1144	  22584	  62288	   f350	odometry_v2.elf
'Finished building: odometry_v2.elf.size'
' '
00:40:47 **** Incremental Build of configuration Debug for project odometry_v2 ****
make pre-build main-build 
a9-linaro-pre-build-step
' '
make: Nothing to be done for `main-build'.
00:41:05 **** Incremental Build of configuration Debug for project odometry_v2 ****
make pre-build main-build 
a9-linaro-pre-build-step
' '
make: Nothing to be done for `main-build'.
00:41:39 **** Incremental Build of configuration Debug for project odometry_v2 ****
make pre-build main-build 
a9-linaro-pre-build-step
' '
make: Nothing to be done for `main-build'.
00:41:41 **** Incremental Build of configuration Debug for project odometry_v2 ****
make pre-build main-build 
a9-linaro-pre-build-step
' '
make: Nothing to be done for `main-build'.
00:43:28 **** Auto Build of configuration Debug for project odometry_v2 ****
make pre-build main-build 
a9-linaro-pre-build-step
' '
'Building file: ../src/main.c'
'Invoking: ARM v7 gcc compiler'
arm-none-eabi-gcc -Wall -O0 -g3 -c -fmessage-length=0 -MT"src/main.o" -mcpu=cortex-a9 -mfpu=vfpv3 -mfloat-abi=hard -I../../odometry_v2_bsp/ps7_cortexa9_0/include -MMD -MP -MF"src/main.d" -MT"src/main.o" -o "src/main.o" "../src/main.c"
In file included from ../src/main.c:13:0:
../src/hdr/i2c.h:36:11: warning: 'waiting_for_rx' defined but not used [-Wunused-variable]
 static u8 waiting_for_rx;
           ^~~~~~~~~~~~~~
'Finished building: ../src/main.c'
' '
'Building target: odometry_v2.elf'
'Invoking: ARM v7 gcc linker'
arm-none-eabi-gcc -mcpu=cortex-a9 -mfpu=vfpv3 -mfloat-abi=hard -Wl,-build-id=none -specs=Xilinx.spec -Wl,-T -Wl,../src/lscript.ld -L../../odometry_v2_bsp/ps7_cortexa9_0/lib -o "odometry_v2.elf"  ./src/i2c.o ./src/main.o   -lm -Wl,--start-group,-lxil,-lgcc,-lc,--end-group
'Finished building target: odometry_v2.elf'
' '
'Invoking: ARM v7 Print Size'
arm-none-eabi-size odometry_v2.elf  |tee "odometry_v2.elf.size"
   text	   data	    bss	    dec	    hex	filename
  38560	   1144	  22584	  62288	   f350	odometry_v2.elf
'Finished building: odometry_v2.elf.size'
' '
00:46:24 **** Auto Build of configuration Debug for project odometry_v2 ****
make pre-build main-build 
a9-linaro-pre-build-step
' '
'Building file: ../src/main.c'
'Invoking: ARM v7 gcc compiler'
arm-none-eabi-gcc -Wall -O0 -g3 -c -fmessage-length=0 -MT"src/main.o" -mcpu=cortex-a9 -mfpu=vfpv3 -mfloat-abi=hard -I../../odometry_v2_bsp/ps7_cortexa9_0/include -MMD -MP -MF"src/main.d" -MT"src/main.o" -o "src/main.o" "../src/main.c"
In file included from ../src/main.c:13:0:
../src/hdr/i2c.h:36:11: warning: 'waiting_for_rx' defined but not used [-Wunused-variable]
 static u8 waiting_for_rx;
           ^~~~~~~~~~~~~~
'Finished building: ../src/main.c'
' '
'Building target: odometry_v2.elf'
'Invoking: ARM v7 gcc linker'
arm-none-eabi-gcc -mcpu=cortex-a9 -mfpu=vfpv3 -mfloat-abi=hard -Wl,-build-id=none -specs=Xilinx.spec -Wl,-T -Wl,../src/lscript.ld -L../../odometry_v2_bsp/ps7_cortexa9_0/lib -o "odometry_v2.elf"  ./src/i2c.o ./src/main.o   -lm -Wl,--start-group,-lxil,-lgcc,-lc,--end-group
'Finished building target: odometry_v2.elf'
' '
'Invoking: ARM v7 Print Size'
arm-none-eabi-size odometry_v2.elf  |tee "odometry_v2.elf.size"
   text	   data	    bss	    dec	    hex	filename
  38560	   1144	  22584	  62288	   f350	odometry_v2.elf
'Finished building: odometry_v2.elf.size'
' '
00:46:39 **** Auto Build of configuration Debug for project odometry_v2 ****
make pre-build main-build 
a9-linaro-pre-build-step
' '
'Building file: ../src/i2c.c'
'Invoking: ARM v7 gcc compiler'
arm-none-eabi-gcc -Wall -O0 -g3 -c -fmessage-length=0 -MT"src/i2c.o" -mcpu=cortex-a9 -mfpu=vfpv3 -mfloat-abi=hard -I../../odometry_v2_bsp/ps7_cortexa9_0/include -MMD -MP -MF"src/i2c.d" -MT"src/i2c.o" -o "src/i2c.o" "../src/i2c.c"
../src/i2c.c: In function 'clrregbit':
../src/i2c.c:17:46: warning: '<<' in boolean context, did you mean '<' ? [-Wint-in-bool-context]
  Xil_Out32(regaddr, Xil_In32(regaddr) & (!(1 << bit)) );
                                           ~~~^~~~~~~
'Finished building: ../src/i2c.c'
' '
'Building file: ../src/main.c'
'Invoking: ARM v7 gcc compiler'
arm-none-eabi-gcc -Wall -O0 -g3 -c -fmessage-length=0 -MT"src/main.o" -mcpu=cortex-a9 -mfpu=vfpv3 -mfloat-abi=hard -I../../odometry_v2_bsp/ps7_cortexa9_0/include -MMD -MP -MF"src/main.d" -MT"src/main.o" -o "src/main.o" "../src/main.c"
'Finished building: ../src/main.c'
' '
'Building target: odometry_v2.elf'
'Invoking: ARM v7 gcc linker'
arm-none-eabi-gcc -mcpu=cortex-a9 -mfpu=vfpv3 -mfloat-abi=hard -Wl,-build-id=none -specs=Xilinx.spec -Wl,-T -Wl,../src/lscript.ld -L../../odometry_v2_bsp/ps7_cortexa9_0/lib -o "odometry_v2.elf"  ./src/i2c.o ./src/main.o   -lm -Wl,--start-group,-lxil,-lgcc,-lc,--end-group
'Finished building target: odometry_v2.elf'
' '
'Invoking: ARM v7 Print Size'
arm-none-eabi-size odometry_v2.elf  |tee "odometry_v2.elf.size"
   text	   data	    bss	    dec	    hex	filename
  38560	   1144	  22568	  62272	   f340	odometry_v2.elf
'Finished building: odometry_v2.elf.size'
' '
00:47:08 **** Auto Build of configuration Debug for project odometry_v2 ****
make pre-build main-build 
a9-linaro-pre-build-step
' '
'Building file: ../src/main.c'
'Invoking: ARM v7 gcc compiler'
arm-none-eabi-gcc -Wall -O0 -g3 -c -fmessage-length=0 -MT"src/main.o" -mcpu=cortex-a9 -mfpu=vfpv3 -mfloat-abi=hard -I../../odometry_v2_bsp/ps7_cortexa9_0/include -MMD -MP -MF"src/main.d" -MT"src/main.o" -o "src/main.o" "../src/main.c"
'Finished building: ../src/main.c'
' '
'Building target: odometry_v2.elf'
'Invoking: ARM v7 gcc linker'
arm-none-eabi-gcc -mcpu=cortex-a9 -mfpu=vfpv3 -mfloat-abi=hard -Wl,-build-id=none -specs=Xilinx.spec -Wl,-T -Wl,../src/lscript.ld -L../../odometry_v2_bsp/ps7_cortexa9_0/lib -o "odometry_v2.elf"  ./src/i2c.o ./src/main.o   -lm -Wl,--start-group,-lxil,-lgcc,-lc,--end-group
'Finished building target: odometry_v2.elf'
' '
'Invoking: ARM v7 Print Size'
arm-none-eabi-size odometry_v2.elf  |tee "odometry_v2.elf.size"
   text	   data	    bss	    dec	    hex	filename
  38560	   1144	  22568	  62272	   f340	odometry_v2.elf
'Finished building: odometry_v2.elf.size'
' '
00:47:14 **** Incremental Build of configuration Debug for project odometry ****
make pre-build main-build 
a9-linaro-pre-build-step
' '
make: Nothing to be done for `main-build'.
00:47:14 **** Incremental Build of configuration Debug for project odometry_v2 ****
make pre-build main-build 
a9-linaro-pre-build-step
' '
make: Nothing to be done for `main-build'.
00:48:12 **** Incremental Build of configuration Debug for project odometry_v2 ****
make pre-build main-build 
a9-linaro-pre-build-step
' '
make: Nothing to be done for `main-build'.
