20:23:56 **** Auto Build of configuration Debug for project odometry ****
make pre-build main-build 
a9-linaro-pre-build-step
' '
'Building file: ../src/main.c'
'Invoking: ARM v7 gcc compiler'
arm-none-eabi-gcc -Wall -O0 -g3 -c -fmessage-length=0 -MT"src/main.o" -mcpu=cortex-a9 -mfpu=vfpv3 -mfloat-abi=hard -I../../odometry_bsp/ps7_cortexa9_0/include -MMD -MP -MF"src/main.d" -MT"src/main.o" -o "src/main.o" "../src/main.c"
../src/main.c: In function 'main':
../src/main.c:24:19: warning: unused variable 'program_status' [-Wunused-variable]
  program_status_t program_status = err_succes;
                   ^~~~~~~~~~~~~~
'Finished building: ../src/main.c'
' '
'Building target: odometry.elf'
'Invoking: ARM v7 gcc linker'
arm-none-eabi-gcc -mcpu=cortex-a9 -mfpu=vfpv3 -mfloat-abi=hard -Wl,-build-id=none -specs=Xilinx.spec -Wl,-T -Wl,../src/lscript.ld -L../../odometry_bsp/ps7_cortexa9_0/lib -o "odometry.elf"  ./src/main.o   -Wl,--start-group,-lxil,-lgcc,-lc,--end-group
'Finished building target: odometry.elf'
' '
'Invoking: ARM v7 Print Size'
arm-none-eabi-size odometry.elf  |tee "odometry.elf.size"
   text	   data	    bss	    dec	    hex	filename
  19104	   1144	  22568	  42816	   a740	odometry.elf
'Finished building: odometry.elf.size'
' '

20:23:59 Build Finished (took 2s.921ms)

