16:14:20 **** Auto Build of configuration Debug for project odometry_v2 ****
make pre-build main-build 
a9-linaro-pre-build-step
' '
'Building file: ../src/main.c'
'Invoking: ARM v7 gcc compiler'
arm-none-eabi-gcc -Wall -O0 -g3 -c -fmessage-length=0 -MT"src/main.o" -mcpu=cortex-a9 -mfpu=vfpv3 -mfloat-abi=hard -I../../odometry_v2_bsp/ps7_cortexa9_0/include -MMD -MP -MF"src/main.d" -MT"src/main.o" -o "src/main.o" "../src/main.c"
In file included from ../src/main.c:23:0:
../../odometry_v2_bsp/ps7_cortexa9_0/include/xtime_l.h:89:9: note: #pragma message: For the sleep routines, Global timer is being used
 #pragma message ("For the sleep routines, Global timer is being used")
         ^~~~~~~
'Finished building: ../src/main.c'
' '
'Building target: odometry_v2.elf'
'Invoking: ARM v7 gcc linker'
arm-none-eabi-gcc -mcpu=cortex-a9 -mfpu=vfpv3 -mfloat-abi=hard -Wl,-build-id=none -specs=Xilinx.spec -Wl,-T -Wl,../src/lscript.ld -L../../odometry_v2_bsp/ps7_cortexa9_0/lib -o "odometry_v2.elf"  ./src/i2c.o ./src/main.o   -lm -Wl,--start-group,-lxil,-lgcc,-lc,--end-group
'Finished building target: odometry_v2.elf'
' '
'Invoking: ARM v7 Print Size'
arm-none-eabi-size odometry_v2.elf  |tee "odometry_v2.elf.size"
   text	   data	    bss	    dec	    hex	filename
  41616	   1144	  22576	  65336	   ff38	odometry_v2.elf
'Finished building: odometry_v2.elf.size'
' '

16:14:21 Build Finished (took 927ms)

